Component: ARM Compiler 5.06 update 6 (build 750) Tool: armlink [4d35ed]

==============================================================================

Section Cross References

    main.o(i.main) refers to main.o(i.setupSystemClock) for setupSystemClock
    main.o(i.main) refers to main.o(i.setupGpio) for setupGpio
    main.o(i.main) refers to main.o(i.setupUart) for setupUart
    main.o(i.main) refers to printf5.o(i.__0printf$5) for __2printf
    main.o(i.main) refers to tasks.o(i.xTaskCreate) for xTaskCreate
    main.o(i.main) refers to tasks.o(i.vTaskStartScheduler) for vTaskStartScheduler
    main.o(i.main) refers to system_m480.o(.data) for SystemCoreClock
    main.o(i.main) refers to main.o(i.vCheckTask) for vCheckTask
    main.o(i.setupSystemClock) refers to clk.o(i.CLK_EnableXtalRC) for CLK_EnableXtalRC
    main.o(i.setupSystemClock) refers to clk.o(i.CLK_WaitClockReady) for CLK_WaitClockReady
    main.o(i.setupSystemClock) refers to clk.o(i.CLK_SetHCLK) for CLK_SetHCLK
    main.o(i.setupSystemClock) refers to clk.o(i.CLK_SetCoreClock) for CLK_SetCoreClock
    main.o(i.setupSystemClock) refers to main.o(i.setupUartClock) for setupUartClock
    main.o(i.setupSystemClock) refers to system_m480.o(i.SystemCoreClockUpdate) for SystemCoreClockUpdate
    main.o(i.setupSystemClock) refers to main.o(i.setupUartMultifunction) for setupUartMultifunction
    main.o(i.setupUart) refers to sys.o(i.SYS_ResetModule) for SYS_ResetModule
    main.o(i.setupUart) refers to uart.o(i.UART_Open) for UART_Open
    main.o(i.setupUartClock) refers to clk.o(i.CLK_EnableModuleClock) for CLK_EnableModuleClock
    main.o(i.setupUartClock) refers to clk.o(i.CLK_SetModuleClock) for CLK_SetModuleClock
    main.o(i.vCheckTask) refers to printf5.o(i.__0printf$5) for __2printf
    main.o(i.vCheckTask) refers to tasks.o(i.xTaskGetTickCount) for xTaskGetTickCount
    main.o(i.vCheckTask) refers to tasks.o(i.vTaskDelay) for vTaskDelay
    main.o(i.vWifiTask) refers to printf5.o(i.__0printf$5) for __2printf
    clk.o(i.CLK_DisableCKO) refers to clk.o(i.CLK_DisableModuleClock) for CLK_DisableModuleClock
    clk.o(i.CLK_EnableCKO) refers to clk.o(i.CLK_EnableModuleClock) for CLK_EnableModuleClock
    clk.o(i.CLK_EnableCKO) refers to clk.o(i.CLK_SetModuleClock) for CLK_SetModuleClock
    clk.o(i.CLK_EnablePLL) refers to clk.o(i.CLK_DisablePLL) for CLK_DisablePLL
    clk.o(i.CLK_EnablePLL) refers to clk.o(i.CLK_WaitClockReady) for CLK_WaitClockReady
    clk.o(i.CLK_EnablePLL) refers to clk.o(i.CLK_GetPLLClockFreq) for CLK_GetPLLClockFreq
    clk.o(i.CLK_GetCPUFreq) refers to system_m480.o(i.SystemCoreClockUpdate) for SystemCoreClockUpdate
    clk.o(i.CLK_GetCPUFreq) refers to system_m480.o(.data) for SystemCoreClock
    clk.o(i.CLK_GetHCLKFreq) refers to system_m480.o(i.SystemCoreClockUpdate) for SystemCoreClockUpdate
    clk.o(i.CLK_GetHCLKFreq) refers to system_m480.o(.data) for SystemCoreClock
    clk.o(i.CLK_GetModuleClockDivider) refers to clk.o(.constdata) for .constdata
    clk.o(i.CLK_GetModuleClockSource) refers to clk.o(.constdata) for .constdata
    clk.o(i.CLK_GetPCLK0Freq) refers to system_m480.o(i.SystemCoreClockUpdate) for SystemCoreClockUpdate
    clk.o(i.CLK_GetPCLK0Freq) refers to system_m480.o(.data) for SystemCoreClock
    clk.o(i.CLK_GetPCLK1Freq) refers to system_m480.o(i.SystemCoreClockUpdate) for SystemCoreClockUpdate
    clk.o(i.CLK_GetPCLK1Freq) refers to system_m480.o(.data) for SystemCoreClock
    clk.o(i.CLK_SetCoreClock) refers to clk.o(i.CLK_WaitClockReady) for CLK_WaitClockReady
    clk.o(i.CLK_SetCoreClock) refers to clk.o(i.CLK_EnablePLL) for CLK_EnablePLL
    clk.o(i.CLK_SetCoreClock) refers to clk.o(i.CLK_SetHCLK) for CLK_SetHCLK
    clk.o(i.CLK_SetHCLK) refers to clk.o(i.CLK_WaitClockReady) for CLK_WaitClockReady
    clk.o(i.CLK_SetHCLK) refers to system_m480.o(i.SystemCoreClockUpdate) for SystemCoreClockUpdate
    clk.o(i.CLK_SetPowerDownMode) refers to clk.o(i.CLK_WaitClockReady) for CLK_WaitClockReady
    clk.o(i.CLK_WaitClockReady) refers to system_m480.o(.data) for SystemCoreClock
    clk.o(i.CLK_WaitClockReady) refers to clk.o(.data) for g_CLK_i32ErrCode
    uart.o(i.UART_Open) refers to clk.o(i.CLK_GetPLLClockFreq) for CLK_GetPLLClockFreq
    uart.o(i.UART_Open) refers to uart.o(.constdata) for .constdata
    uart.o(i.UART_SelectIrDAMode) refers to clk.o(i.CLK_GetPLLClockFreq) for CLK_GetPLLClockFreq
    uart.o(i.UART_SelectIrDAMode) refers to uart.o(.constdata) for .constdata
    uart.o(i.UART_SetLineConfig) refers to clk.o(i.CLK_GetPLLClockFreq) for CLK_GetPLLClockFreq
    uart.o(i.UART_SetLineConfig) refers to uart.o(.constdata) for .constdata
    pdma.o(i.PDMA_Open) refers to pdma.o(.bss) for u32ChSelect
    pdma.o(i.PDMA_SetTransferMode) refers to pdma.o(.bss) for u32ChSelect
    pdma.o(i.PDMA_Trigger) refers to pdma.o(.bss) for u32ChSelect
    port.o(.emb_text) refers to tasks.o(i.vTaskSwitchContext) for vTaskSwitchContext
    port.o(.emb_text) refers to tasks.o(.data) for pxCurrentTCB
[...]
    lwesp_ll_m480.o(i.lwesp_ll_init) refers to lwesp_ll_m480.o(.constdata) for .constdata
    lwesp_ll_m480.o(i.lwesp_ll_init) refers to lwesp_ll_m480.o(.data) for initialized
    lwesp_ll_m480.o(i.lwesp_ll_init) refers to lwesp_ll_m480.o(i.send_data) for send_data
    lwesp_ll_m480.o(i.lwesp_ll_init) refers to lwesp_ll_m480.o(i.lwesp_ll_hardreset) for lwesp_ll_hardreset
    lwesp_ll_m480.o(.constdata) refers to lwesp_ll_m480.o(.bss) for memory
    lwesp_sys_freertos.o(i.lwesp_sys_init) refers to queue.o(i.xQueueCreateMutex) for xQueueCreateMutex
    lwesp_sys_freertos.o(i.lwesp_sys_init) refers to lwesp_sys_freertos.o(.data) for sys_mutex
    lwesp_sys_freertos.o(i.lwesp_sys_mbox_create) refers to queue.o(i.xQueueGenericCreate) for xQueueGenericCreate
    lwesp_sys_freertos.o(i.lwesp_sys_mbox_delete) refers to queue.o(i.uxQueueMessagesWaiting) for uxQueueMessagesWaiting
    lwesp_sys_freertos.o(i.lwesp_sys_mbox_delete) refers to queue.o(i.vQueueDelete) for vQueueDelete
    lwesp_sys_freertos.o(i.lwesp_sys_mbox_get) refers to tasks.o(i.xTaskGetTickCount) for xTaskGetTickCount
    lwesp_sys_freertos.o(i.lwesp_sys_mbox_get) refers to queue.o(i.xQueueReceive) for xQueueReceive
    lwesp_sys_freertos.o(i.lwesp_sys_mbox_getnow) refers to queue.o(i.xQueueReceive) for xQueueReceive
    lwesp_sys_freertos.o(i.lwesp_sys_mbox_put) refers to tasks.o(i.xTaskGetTickCount) for xTaskGetTickCount
    lwesp_sys_freertos.o(i.lwesp_sys_mbox_put) refers to queue.o(i.xQueueGenericSend) for xQueueGenericSend
    lwesp_sys_freertos.o(i.lwesp_sys_mbox_putnow) refers to queue.o(i.xQueueGenericSendFromISR) for xQueueGenericSendFromISR
    lwesp_sys_freertos.o(i.lwesp_sys_mutex_create) refers to queue.o(i.xQueueCreateMutex) for xQueueCreateMutex
    lwesp_sys_freertos.o(i.lwesp_sys_mutex_delete) refers to queue.o(i.vQueueDelete) for vQueueDelete
    lwesp_sys_freertos.o(i.lwesp_sys_mutex_lock) refers to queue.o(i.xQueueTakeMutexRecursive) for xQueueTakeMutexRecursive
    lwesp_sys_freertos.o(i.lwesp_sys_mutex_unlock) refers to queue.o(i.xQueueGiveMutexRecursive) for xQueueGiveMutexRecursive
    lwesp_sys_freertos.o(i.lwesp_sys_now) refers to tasks.o(i.xTaskGetTickCount) for xTaskGetTickCount
    lwesp_sys_freertos.o(i.lwesp_sys_protect) refers to lwesp_sys_freertos.o(i.lwesp_sys_mutex_lock) for lwesp_sys_mutex_lock
    lwesp_sys_freertos.o(i.lwesp_sys_protect) refers to lwesp_sys_freertos.o(.data) for sys_mutex
    lwesp_sys_freertos.o(i.lwesp_sys_sem_create) refers to queue.o(i.xQueueGenericCreate) for xQueueGenericCreate
    lwesp_sys_freertos.o(i.lwesp_sys_sem_create) refers to queue.o(i.xQueueGenericSend) for xQueueGenericSend
    lwesp_sys_freertos.o(i.lwesp_sys_sem_delete) refers to queue.o(i.vQueueDelete) for vQueueDelete
    lwesp_sys_freertos.o(i.lwesp_sys_sem_release) refers to queue.o(i.xQueueGenericSend) for xQueueGenericSend
    lwesp_sys_freertos.o(i.lwesp_sys_sem_wait) refers to tasks.o(i.xTaskGetTickCount) for xTaskGetTickCount
    lwesp_sys_freertos.o(i.lwesp_sys_sem_wait) refers to queue.o(i.xQueueSemaphoreTake) for xQueueSemaphoreTake
    lwesp_sys_freertos.o(i.lwesp_sys_thread_create) refers to tasks.o(i.xTaskCreate) for xTaskCreate
    lwesp_sys_freertos.o(i.lwesp_sys_thread_terminate) refers to tasks.o(i.vTaskDelete) for vTaskDelete
    lwesp_sys_freertos.o(i.lwesp_sys_unprotect) refers to lwesp_sys_freertos.o(i.lwesp_sys_mutex_unlock) for lwesp_sys_mutex_unlock
    lwesp_sys_freertos.o(i.lwesp_sys_unprotect) refers to lwesp_sys_freertos.o(.data) for sys_mutex
    cli.o(i.cli_help) refers to cli.o(i.cli_lookup_command) for cli_lookup_command
    cli.o(i.cli_init) refers to cli.o(i.cli_register_commands) for cli_register_commands
    cli.o(i.cli_init) refers to cli.o(.constdata) for commands
    cli.o(i.cli_list) refers to cli.o(.bss) for cli_command_table
    cli.o(i.cli_list) refers to cli.o(.data) for num_of_modules
    cli.o(i.cli_lookup_command) refers to strcmp.o(.text) for strcmp
    cli.o(i.cli_lookup_command) refers to cli.o(.bss) for cli_command_table
    cli.o(i.cli_lookup_command) refers to cli.o(.data) for num_of_modules
    cli.o(i.cli_register_commands) refers to printf5.o(i.__0printf$5) for __2printf
    cli.o(i.cli_register_commands) refers to cli.o(.data) for num_of_modules
    cli.o(i.cli_register_commands) refers to cli.o(.bss) for cli_command_table
    cli.o(i.cli_tab_auto_complete) refers to strncmp.o(.text) for strncmp
    cli.o(i.cli_tab_auto_complete) refers to strlen.o(.text) for strlen
    cli.o(i.cli_tab_auto_complete) refers to strncpy.o(.text) for strncpy
    cli.o(i.cli_tab_auto_complete) refers to cli.o(.bss) for cli_command_table
    cli.o(i.cli_tab_auto_complete) refers to cli.o(.data) for num_of_modules
    cli.o(.constdata) refers to cli.o(.conststring) for .conststring
    cli.o(.constdata) refers to cli.o(i.cli_help) for cli_help
    cli.o(.constdata) refers to cli.o(i.cli_list) for cli_list
    lwesp_mqtt_client.o(i.lwesp_mqtt_client_connect) refers to lwesp.o(i.lwesp_core_lock) for lwesp_core_lock
    lwesp_mqtt_client.o(i.lwesp_mqtt_client_connect) refers to lwesp_sta.o(i.lwesp_sta_is_joined) for lwesp_sta_is_joined
    lwesp_mqtt_client.o(i.lwesp_mqtt_client_connect) refers to lwesp_conn.o(i.lwesp_conn_start) for lwesp_conn_start
    lwesp_mqtt_client.o(i.lwesp_mqtt_client_connect) refers to lwesp.o(i.lwesp_core_unlock) for lwesp_core_unlock
    lwesp_mqtt_client.o(i.lwesp_mqtt_client_connect) refers to lwesp_mqtt_client.o(i.prv_mqtt_evt_fn_default) for prv_mqtt_evt_fn_default
    lwesp_mqtt_client.o(i.lwesp_mqtt_client_connect) refers to lwesp_mqtt_client.o(i.prv_mqtt_conn_cb) for prv_mqtt_conn_cb
    lwesp_mqtt_client.o(i.lwesp_mqtt_client_delete) refers to lwesp_mem.o(i.lwesp_mem_free_s) for lwesp_mem_free_s
    lwesp_mqtt_client.o(i.lwesp_mqtt_client_delete) refers to lwesp_buff.o(i.lwesp_buff_free) for lwesp_buff_free
    lwesp_mqtt_client.o(i.lwesp_mqtt_client_disconnect) refers to lwesp.o(i.lwesp_core_lock) for lwesp_core_lock
    lwesp_mqtt_client.o(i.lwesp_mqtt_client_disconnect) refers to lwesp_mqtt_client.o(i.prv_mqtt_close) for prv_mqtt_close
    lwesp_mqtt_client.o(i.lwesp_mqtt_client_disconnect) refers to lwesp.o(i.lwesp_core_unlock) for lwesp_core_unlock
    lwesp_mqtt_client.o(i.lwesp_mqtt_client_is_connected) refers to lwesp.o(i.lwesp_core_lock) for lwesp_core_lock
    lwesp_mqtt_client.o(i.lwesp_mqtt_client_is_connected) refers to lwesp.o(i.lwesp_core_unlock) for lwesp_core_unlock
    lwesp_mqtt_client.o(i.lwesp_mqtt_client_new) refers to lwesp_mem.o(i.lwesp_mem_calloc) for lwesp_mem_calloc
    lwesp_mqtt_client.o(i.lwesp_mqtt_client_new) refers to lwesp_buff.o(i.lwesp_buff_init) for lwesp_buff_init
    lwesp_mqtt_client.o(i.lwesp_mqtt_client_new) refers to lwesp_mem.o(i.lwesp_mem_free_s) for lwesp_mem_free_s
    lwesp_mqtt_client.o(i.lwesp_mqtt_client_new) refers to lwesp_mem.o(i.lwesp_mem_malloc) for lwesp_mem_malloc
    lwesp_mqtt_client.o(i.lwesp_mqtt_client_new) refers to lwesp_buff.o(i.lwesp_buff_free) for lwesp_buff_free
    lwesp_mqtt_client.o(i.lwesp_mqtt_client_publish) refers to strlen.o(.text) for strlen
    lwesp_mqtt_client.o(i.lwesp_mqtt_client_publish) refers to lwesp.o(i.lwesp_core_lock) for lwesp_core_lock
    lwesp_mqtt_client.o(i.lwesp_mqtt_client_publish) refers to lwesp_mqtt_client.o(i.prv_output_check_enough_memory) for prv_output_check_enough_memory
    lwesp_mqtt_client.o(i.lwesp_mqtt_client_publish) refers to lwesp_mqtt_client.o(i.prv_create_packet_id) for prv_create_packet_id
    lwesp_mqtt_client.o(i.lwesp_mqtt_client_publish) refers to lwesp_mqtt_client.o(i.prv_request_create) for prv_request_create
    lwesp_mqtt_client.o(i.lwesp_mqtt_client_publish) refers to lwesp_mqtt_client.o(i.prv_write_fixed_header) for prv_write_fixed_header
    lwesp_mqtt_client.o(i.lwesp_mqtt_client_publish) refers to lwesp_mqtt_client.o(i.prv_write_string) for prv_write_string
    lwesp_mqtt_client.o(i.lwesp_mqtt_client_publish) refers to lwesp_mqtt_client.o(i.prv_write_u16) for prv_write_u16
    lwesp_mqtt_client.o(i.lwesp_mqtt_client_publish) refers to lwesp_mqtt_client.o(i.prv_write_data) for prv_write_data
    lwesp_mqtt_client.o(i.lwesp_mqtt_client_publish) refers to lwesp_mqtt_client.o(i.prv_request_set_pending) for prv_request_set_pending
    lwesp_mqtt_client.o(i.lwesp_mqtt_client_publish) refers to lwesp_mqtt_client.o(i.prv_send_data) for prv_send_data
    lwesp_mqtt_client.o(i.lwesp_mqtt_client_publish) refers to lwesp.o(i.lwesp_core_unlock) for lwesp_core_unlock
    lwesp_mqtt_client.o(i.lwesp_mqtt_client_set_arg) refers to lwesp.o(i.lwesp_core_lock) for lwesp_core_lock
    lwesp_mqtt_client.o(i.lwesp_mqtt_client_set_arg) refers to lwesp.o(i.lwesp_core_unlock) for lwesp_core_unlock
    lwesp_mqtt_client.o(i.lwesp_mqtt_client_subscribe) refers to lwesp_mqtt_client.o(i.prv_sub_unsub) for prv_sub_unsub
    lwesp_mqtt_client.o(i.lwesp_mqtt_client_unsubscribe) refers to lwesp_mqtt_client.o(i.prv_sub_unsub) for prv_sub_unsub
    lwesp_mqtt_client.o(i.prv_mqtt_close) refers to lwesp_conn.o(i.lwesp_conn_close) for lwesp_conn_close
    lwesp_mqtt_client.o(i.prv_mqtt_closed_cb) refers to lwesp_mqtt_client.o(i.prv_request_delete) for prv_request_delete
    lwesp_mqtt_client.o(i.prv_mqtt_closed_cb) refers to lwesp_mqtt_client.o(i.prv_request_send_err_callback) for prv_request_send_err_callback
    lwesp_mqtt_client.o(i.prv_mqtt_closed_cb) refers to lwesp_mqtt_client.o(i.prv_request_get_pending) for prv_request_get_pending
    lwesp_mqtt_client.o(i.prv_mqtt_closed_cb) refers to memseta.o(.text) for __aeabi_memclr4
    lwesp_mqtt_client.o(i.prv_mqtt_closed_cb) refers to lwesp_buff.o(i.lwesp_buff_reset) for lwesp_buff_reset
    lwesp_mqtt_client.o(i.prv_mqtt_conn_cb) refers to lwesp_conn.o(i.lwesp_conn_get_from_evt) for lwesp_conn_get_from_evt
    lwesp_mqtt_client.o(i.prv_mqtt_conn_cb) refers to lwesp_conn.o(i.lwesp_conn_get_arg) for lwesp_conn_get_arg
    lwesp_mqtt_client.o(i.prv_mqtt_conn_cb) refers to lwesp_conn.o(i.lwesp_conn_close) for lwesp_conn_close
    lwesp_mqtt_client.o(i.prv_mqtt_conn_cb) refers to lwesp_evt.o(i.lwesp_evt_get_type) for lwesp_evt_get_type
    lwesp_mqtt_client.o(i.prv_mqtt_conn_cb) refers to lwesp_evt.o(i.lwesp_evt_conn_error_get_arg) for lwesp_evt_conn_error_get_arg
    lwesp_mqtt_client.o(i.prv_mqtt_conn_cb) refers to lwesp_mqtt_client.o(i.prv_mqtt_connected_cb) for prv_mqtt_connected_cb
    lwesp_mqtt_client.o(i.prv_mqtt_conn_cb) refers to lwesp_evt.o(i.lwesp_evt_conn_recv_get_buff) for lwesp_evt_conn_recv_get_buff
    lwesp_mqtt_client.o(i.prv_mqtt_conn_cb) refers to lwesp_mqtt_client.o(i.prv_mqtt_data_recv_cb) for prv_mqtt_data_recv_cb
    lwesp_mqtt_client.o(i.prv_mqtt_conn_cb) refers to lwesp_evt.o(i.lwesp_evt_conn_send_get_result) for lwesp_evt_conn_send_get_result
    lwesp_mqtt_client.o(i.prv_mqtt_conn_cb) refers to lwesp_evt.o(i.lwesp_evt_conn_send_get_length) for lwesp_evt_conn_send_get_length
    lwesp_mqtt_client.o(i.prv_mqtt_conn_cb) refers to lwesp_mqtt_client.o(i.prv_mqtt_data_sent_cb) for prv_mqtt_data_sent_cb
    lwesp_mqtt_client.o(i.prv_mqtt_conn_cb) refers to lwesp_mqtt_client.o(i.prv_mqtt_poll_cb) for prv_mqtt_poll_cb
    lwesp_mqtt_client.o(i.prv_mqtt_conn_cb) refers to lwesp_evt.o(i.lwesp_evt_conn_close_is_forced) for lwesp_evt_conn_close_is_forced
    lwesp_mqtt_client.o(i.prv_mqtt_conn_cb) refers to lwesp_evt.o(i.lwesp_evt_conn_close_get_result) for lwesp_evt_conn_close_get_result
    lwesp_mqtt_client.o(i.prv_mqtt_conn_cb) refers to lwesp_mqtt_client.o(i.prv_mqtt_closed_cb) for prv_mqtt_closed_cb
    lwesp_mqtt_client.o(i.prv_mqtt_connected_cb) refers to strlen.o(.text) for strlen
    lwesp_mqtt_client.o(i.prv_mqtt_connected_cb) refers to lwesp_mqtt_client.o(i.prv_output_check_enough_memory) for prv_output_check_enough_memory
    lwesp_mqtt_client.o(i.prv_mqtt_connected_cb) refers to lwesp_mqtt_client.o(i.prv_write_fixed_header) for prv_write_fixed_header
    lwesp_mqtt_client.o(i.prv_mqtt_connected_cb) refers to lwesp_mqtt_client.o(i.prv_write_string) for prv_write_string
    lwesp_mqtt_client.o(i.prv_mqtt_connected_cb) refers to lwesp_mqtt_client.o(i.prv_write_u8) for prv_write_u8
    lwesp_mqtt_client.o(i.prv_mqtt_connected_cb) refers to lwesp_mqtt_client.o(i.prv_write_u16) for prv_write_u16
    lwesp_mqtt_client.o(i.prv_mqtt_connected_cb) refers to lwesp_mqtt_client.o(i.prv_send_data) for prv_send_data
    lwesp_mqtt_client.o(i.prv_mqtt_data_recv_cb) refers to lwesp_mqtt_client.o(i.prv_mqtt_parse_incoming) for prv_mqtt_parse_incoming
    lwesp_mqtt_client.o(i.prv_mqtt_data_recv_cb) refers to lwesp_conn.o(i.lwesp_conn_recved) for lwesp_conn_recved
    lwesp_mqtt_client.o(i.prv_mqtt_data_sent_cb) refers to lwesp_mqtt_client.o(i.prv_mqtt_close) for prv_mqtt_close
    lwesp_mqtt_client.o(i.prv_mqtt_data_sent_cb) refers to lwesp_buff.o(i.lwesp_buff_skip) for lwesp_buff_skip
    lwesp_mqtt_client.o(i.prv_mqtt_data_sent_cb) refers to lwesp_mqtt_client.o(i.prv_request_delete) for prv_request_delete
    lwesp_mqtt_client.o(i.prv_mqtt_data_sent_cb) refers to lwesp_mqtt_client.o(i.prv_request_get_pending) for prv_request_get_pending
    lwesp_mqtt_client.o(i.prv_mqtt_data_sent_cb) refers to lwesp_mqtt_client.o(i.prv_send_data) for prv_send_data
    lwesp_mqtt_client.o(i.prv_mqtt_parse_incoming) refers to lwesp_pbuf.o(i.lwesp_pbuf_get_linear_addr) for lwesp_pbuf_get_linear_addr
    lwesp_mqtt_client.o(i.prv_mqtt_parse_incoming) refers to lwesp_mqtt_client.o(i.prv_mqtt_process_incoming_message) for prv_mqtt_process_incoming_message
    lwesp_mqtt_client.o(i.prv_mqtt_poll_cb) refers to lwesp_mqtt_client.o(i.prv_output_check_enough_memory) for prv_output_check_enough_memory
    lwesp_mqtt_client.o(i.prv_mqtt_poll_cb) refers to lwesp_mqtt_client.o(i.prv_write_fixed_header) for prv_write_fixed_header
    lwesp_mqtt_client.o(i.prv_mqtt_poll_cb) refers to lwesp_mqtt_client.o(i.prv_send_data) for prv_send_data
    lwesp_mqtt_client.o(i.prv_mqtt_process_incoming_message) refers to lwesp_mqtt_client.o(i.prv_write_ack_rec_rel_resp) for prv_write_ack_rec_rel_resp
    lwesp_mqtt_client.o(i.prv_mqtt_process_incoming_message) refers to lwesp_mqtt_client.o(i.prv_request_get_pending) for prv_request_get_pending
    lwesp_mqtt_client.o(i.prv_mqtt_process_incoming_message) refers to lwesp_mqtt_client.o(i.prv_request_delete) for prv_request_delete
    lwesp_mqtt_client.o(i.prv_output_check_enough_memory) refers to lwesp_buff.o(i.lwesp_buff_get_free) for lwesp_buff_get_free
    lwesp_mqtt_client.o(i.prv_request_set_pending) refers to lwesp_sys_freertos.o(i.lwesp_sys_now) for lwesp_sys_now
    lwesp_mqtt_client.o(i.prv_send_data) refers to lwesp_buff.o(i.lwesp_buff_get_linear_block_read_length) for lwesp_buff_get_linear_block_read_length
    lwesp_mqtt_client.o(i.prv_send_data) refers to lwesp_buff.o(i.lwesp_buff_get_linear_block_read_address) for lwesp_buff_get_linear_block_read_address
    lwesp_mqtt_client.o(i.prv_send_data) refers to lwesp_conn.o(i.lwesp_conn_send) for lwesp_conn_send
    lwesp_mqtt_client.o(i.prv_send_data) refers to lwesp_buff.o(i.lwesp_buff_reset) for lwesp_buff_reset
    lwesp_mqtt_client.o(i.prv_sub_unsub) refers to strlen.o(.text) for strlen
    lwesp_mqtt_client.o(i.prv_sub_unsub) refers to lwesp.o(i.lwesp_core_lock) for lwesp_core_lock
    lwesp_mqtt_client.o(i.prv_sub_unsub) refers to lwesp_mqtt_client.o(i.prv_output_check_enough_memory) for prv_output_check_enough_memory
    lwesp_mqtt_client.o(i.prv_sub_unsub) refers to lwesp_mqtt_client.o(i.prv_create_packet_id) for prv_create_packet_id
    lwesp_mqtt_client.o(i.prv_sub_unsub) refers to lwesp_mqtt_client.o(i.prv_request_create) for prv_request_create
    lwesp_mqtt_client.o(i.prv_sub_unsub) refers to lwesp_mqtt_client.o(i.prv_write_fixed_header) for prv_write_fixed_header
    lwesp_mqtt_client.o(i.prv_sub_unsub) refers to lwesp_mqtt_client.o(i.prv_write_u16) for prv_write_u16
    lwesp_mqtt_client.o(i.prv_sub_unsub) refers to lwesp_mqtt_client.o(i.prv_write_string) for prv_write_string
    lwesp_mqtt_client.o(i.prv_sub_unsub) refers to lwesp_mqtt_client.o(i.prv_write_u8) for prv_write_u8
    lwesp_mqtt_client.o(i.prv_sub_unsub) refers to lwesp_mqtt_client.o(i.prv_request_set_pending) for prv_request_set_pending
    lwesp_mqtt_client.o(i.prv_sub_unsub) refers to lwesp_mqtt_client.o(i.prv_send_data) for prv_send_data
    lwesp_mqtt_client.o(i.prv_sub_unsub) refers to lwesp.o(i.lwesp_core_unlock) for lwesp_core_unlock
    lwesp_mqtt_client.o(i.prv_write_ack_rec_rel_resp) refers to lwesp_mqtt_client.o(i.prv_output_check_enough_memory) for prv_output_check_enough_memory
    lwesp_mqtt_client.o(i.prv_write_ack_rec_rel_resp) refers to lwesp_mqtt_client.o(i.prv_write_fixed_header) for prv_write_fixed_header
    lwesp_mqtt_client.o(i.prv_write_ack_rec_rel_resp) refers to lwesp_mqtt_client.o(i.prv_write_u16) for prv_write_u16
    lwesp_mqtt_client.o(i.prv_write_ack_rec_rel_resp) refers to lwesp_mqtt_client.o(i.prv_send_data) for prv_send_data
    lwesp_mqtt_client.o(i.prv_write_data) refers to lwesp_buff.o(i.lwesp_buff_write) for lwesp_buff_write
    lwesp_mqtt_client.o(i.prv_write_fixed_header) refers to lwesp_buff.o(i.lwesp_buff_write) for lwesp_buff_write
    lwesp_mqtt_client.o(i.prv_write_string) refers to lwesp_mqtt_client.o(i.prv_write_u16) for prv_write_u16
    lwesp_mqtt_client.o(i.prv_write_string) refers to lwesp_buff.o(i.lwesp_buff_write) for lwesp_buff_write
    lwesp_mqtt_client.o(i.prv_write_u16) refers to lwesp_mqtt_client.o(i.prv_write_u8) for prv_write_u8
    lwesp_mqtt_client.o(i.prv_write_u8) refers to lwesp_buff.o(i.lwesp_buff_write) for lwesp_buff_write
    lwesp_mqtt_client_api.o(i.lwesp_mqtt_client_api_buf_free) refers to lwesp_mem.o(i.lwesp_mem_free_s) for lwesp_mem_free_s
    lwesp_mqtt_client_api.o(i.lwesp_mqtt_client_api_close) refers to lwesp_sys_freertos.o(i.lwesp_sys_mutex_lock) for lwesp_sys_mutex_lock
    lwesp_mqtt_client_api.o(i.lwesp_mqtt_client_api_close) refers to lwesp_sys_freertos.o(i.lwesp_sys_sem_wait) for lwesp_sys_sem_wait
    lwesp_mqtt_client_api.o(i.lwesp_mqtt_client_api_close) refers to lwesp_mqtt_client.o(i.lwesp_mqtt_client_disconnect) for lwesp_mqtt_client_disconnect
    lwesp_mqtt_client_api.o(i.lwesp_mqtt_client_api_close) refers to lwesp_sys_freertos.o(i.lwesp_sys_sem_release) for lwesp_sys_sem_release
    lwesp_mqtt_client_api.o(i.lwesp_mqtt_client_api_close) refers to lwesp_sys_freertos.o(i.lwesp_sys_mutex_unlock) for lwesp_sys_mutex_unlock
    lwesp_mqtt_client_api.o(i.lwesp_mqtt_client_api_connect) refers to lwesp_sys_freertos.o(i.lwesp_sys_mutex_lock) for lwesp_sys_mutex_lock
    lwesp_mqtt_client_api.o(i.lwesp_mqtt_client_api_connect) refers to lwesp_sys_freertos.o(i.lwesp_sys_sem_wait) for lwesp_sys_sem_wait
    lwesp_mqtt_client_api.o(i.lwesp_mqtt_client_api_connect) refers to lwesp_mqtt_client.o(i.lwesp_mqtt_client_connect) for lwesp_mqtt_client_connect
    lwesp_mqtt_client_api.o(i.lwesp_mqtt_client_api_connect) refers to lwesp_sys_freertos.o(i.lwesp_sys_sem_release) for lwesp_sys_sem_release
    lwesp_mqtt_client_api.o(i.lwesp_mqtt_client_api_connect) refers to lwesp_sys_freertos.o(i.lwesp_sys_mutex_unlock) for lwesp_sys_mutex_unlock
    lwesp_mqtt_client_api.o(i.lwesp_mqtt_client_api_connect) refers to lwesp_mqtt_client_api.o(i.prv_mqtt_evt) for prv_mqtt_evt
    lwesp_mqtt_client_api.o(i.lwesp_mqtt_client_api_delete) refers to lwesp_sys_freertos.o(i.lwesp_sys_sem_isvalid) for lwesp_sys_sem_isvalid
    lwesp_mqtt_client_api.o(i.lwesp_mqtt_client_api_delete) refers to lwesp_sys_freertos.o(i.lwesp_sys_sem_delete) for lwesp_sys_sem_delete
    lwesp_mqtt_client_api.o(i.lwesp_mqtt_client_api_delete) refers to lwesp_sys_freertos.o(i.lwesp_sys_sem_invalid) for lwesp_sys_sem_invalid
    lwesp_mqtt_client_api.o(i.lwesp_mqtt_client_api_delete) refers to lwesp_sys_freertos.o(i.lwesp_sys_mutex_isvalid) for lwesp_sys_mutex_isvalid
    lwesp_mqtt_client_api.o(i.lwesp_mqtt_client_api_delete) refers to lwesp_sys_freertos.o(i.lwesp_sys_mutex_delete) for lwesp_sys_mutex_delete
    lwesp_mqtt_client_api.o(i.lwesp_mqtt_client_api_delete) refers to lwesp_sys_freertos.o(i.lwesp_sys_mutex_invalid) for lwesp_sys_mutex_invalid
    lwesp_mqtt_client_api.o(i.lwesp_mqtt_client_api_delete) refers to lwesp_sys_freertos.o(i.lwesp_sys_mbox_isvalid) for lwesp_sys_mbox_isvalid
    lwesp_mqtt_client_api.o(i.lwesp_mqtt_client_api_delete) refers to lwesp_mqtt_client_api.o(i.lwesp_mqtt_client_api_buf_free) for lwesp_mqtt_client_api_buf_free
    lwesp_mqtt_client_api.o(i.lwesp_mqtt_client_api_delete) refers to lwesp_sys_freertos.o(i.lwesp_sys_mbox_getnow) for lwesp_sys_mbox_getnow
    lwesp_mqtt_client_api.o(i.lwesp_mqtt_client_api_delete) refers to lwesp_sys_freertos.o(i.lwesp_sys_mbox_delete) for lwesp_sys_mbox_delete
    lwesp_mqtt_client_api.o(i.lwesp_mqtt_client_api_delete) refers to lwesp_sys_freertos.o(i.lwesp_sys_mbox_invalid) for lwesp_sys_mbox_invalid
    lwesp_mqtt_client_api.o(i.lwesp_mqtt_client_api_delete) refers to lwesp_mqtt_client.o(i.lwesp_mqtt_client_delete) for lwesp_mqtt_client_delete
    lwesp_mqtt_client_api.o(i.lwesp_mqtt_client_api_delete) refers to lwesp_mem.o(i.lwesp_mem_free_s) for lwesp_mem_free_s
    lwesp_mqtt_client_api.o(i.lwesp_mqtt_client_api_delete) refers to lwesp_mqtt_client_api.o(.data) for mqtt_closed
    lwesp_mqtt_client_api.o(i.lwesp_mqtt_client_api_is_connected) refers to lwesp_sys_freertos.o(i.lwesp_sys_mutex_lock) for lwesp_sys_mutex_lock
    lwesp_mqtt_client_api.o(i.lwesp_mqtt_client_api_is_connected) refers to lwesp_mqtt_client.o(i.lwesp_mqtt_client_is_connected) for lwesp_mqtt_client_is_connected
    lwesp_mqtt_client_api.o(i.lwesp_mqtt_client_api_is_connected) refers to lwesp_sys_freertos.o(i.lwesp_sys_mutex_unlock) for lwesp_sys_mutex_unlock
    lwesp_mqtt_client_api.o(i.lwesp_mqtt_client_api_new) refers to lwesp_mem.o(i.lwesp_mem_calloc) for lwesp_mem_calloc
    lwesp_mqtt_client_api.o(i.lwesp_mqtt_client_api_new) refers to lwesp_mqtt_client.o(i.lwesp_mqtt_client_new) for lwesp_mqtt_client_new
    lwesp_mqtt_client_api.o(i.lwesp_mqtt_client_api_new) refers to lwesp_sys_freertos.o(i.lwesp_sys_mbox_create) for lwesp_sys_mbox_create
    lwesp_mqtt_client_api.o(i.lwesp_mqtt_client_api_new) refers to lwesp_sys_freertos.o(i.lwesp_sys_sem_create) for lwesp_sys_sem_create
    lwesp_mqtt_client_api.o(i.lwesp_mqtt_client_api_new) refers to lwesp_sys_freertos.o(i.lwesp_sys_mutex_create) for lwesp_sys_mutex_create
    lwesp_mqtt_client_api.o(i.lwesp_mqtt_client_api_new) refers to lwesp_mqtt_client.o(i.lwesp_mqtt_client_set_arg) for lwesp_mqtt_client_set_arg
    lwesp_mqtt_client_api.o(i.lwesp_mqtt_client_api_new) refers to lwesp_mqtt_client_api.o(i.lwesp_mqtt_client_api_delete) for lwesp_mqtt_client_api_delete
    lwesp_mqtt_client_api.o(i.lwesp_mqtt_client_api_publish) refers to lwesp_sys_freertos.o(i.lwesp_sys_mutex_lock) for lwesp_sys_mutex_lock
    lwesp_mqtt_client_api.o(i.lwesp_mqtt_client_api_publish) refers to lwesp_sys_freertos.o(i.lwesp_sys_sem_wait) for lwesp_sys_sem_wait
    lwesp_mqtt_client_api.o(i.lwesp_mqtt_client_api_publish) refers to lwesp_mqtt_client.o(i.lwesp_mqtt_client_publish) for lwesp_mqtt_client_publish
    lwesp_mqtt_client_api.o(i.lwesp_mqtt_client_api_publish) refers to lwesp_sys_freertos.o(i.lwesp_sys_sem_release) for lwesp_sys_sem_release
    lwesp_mqtt_client_api.o(i.lwesp_mqtt_client_api_publish) refers to lwesp_sys_freertos.o(i.lwesp_sys_mutex_unlock) for lwesp_sys_mutex_unlock
    lwesp_mqtt_client_api.o(i.lwesp_mqtt_client_api_receive) refers to lwesp_sys_freertos.o(i.lwesp_sys_mbox_getnow) for lwesp_sys_mbox_getnow
    lwesp_mqtt_client_api.o(i.lwesp_mqtt_client_api_receive) refers to lwesp_sys_freertos.o(i.lwesp_sys_mbox_get) for lwesp_sys_mbox_get
    lwesp_mqtt_client_api.o(i.lwesp_mqtt_client_api_receive) refers to lwesp_mqtt_client_api.o(.data) for mqtt_closed
    lwesp_mqtt_client_api.o(i.lwesp_mqtt_client_api_subscribe) refers to lwesp_sys_freertos.o(i.lwesp_sys_mutex_lock) for lwesp_sys_mutex_lock
    lwesp_mqtt_client_api.o(i.lwesp_mqtt_client_api_subscribe) refers to lwesp_sys_freertos.o(i.lwesp_sys_sem_wait) for lwesp_sys_sem_wait
    lwesp_mqtt_client_api.o(i.lwesp_mqtt_client_api_subscribe) refers to lwesp_mqtt_client.o(i.lwesp_mqtt_client_subscribe) for lwesp_mqtt_client_subscribe
    lwesp_mqtt_client_api.o(i.lwesp_mqtt_client_api_subscribe) refers to lwesp_sys_freertos.o(i.lwesp_sys_sem_release) for lwesp_sys_sem_release
    lwesp_mqtt_client_api.o(i.lwesp_mqtt_client_api_subscribe) refers to lwesp_sys_freertos.o(i.lwesp_sys_mutex_unlock) for lwesp_sys_mutex_unlock
    lwesp_mqtt_client_api.o(i.lwesp_mqtt_client_api_unsubscribe) refers to lwesp_sys_freertos.o(i.lwesp_sys_mutex_lock) for lwesp_sys_mutex_lock
    lwesp_mqtt_client_api.o(i.lwesp_mqtt_client_api_unsubscribe) refers to lwesp_sys_freertos.o(i.lwesp_sys_sem_wait) for lwesp_sys_sem_wait
    lwesp_mqtt_client_api.o(i.lwesp_mqtt_client_api_unsubscribe) refers to lwesp_mqtt_client.o(i.lwesp_mqtt_client_unsubscribe) for lwesp_mqtt_client_unsubscribe
    lwesp_mqtt_client_api.o(i.lwesp_mqtt_client_api_unsubscribe) refers to lwesp_sys_freertos.o(i.lwesp_sys_sem_release) for lwesp_sys_sem_release
    lwesp_mqtt_client_api.o(i.lwesp_mqtt_client_api_unsubscribe) refers to lwesp_sys_freertos.o(i.lwesp_sys_mutex_unlock) for lwesp_sys_mutex_unlock
    lwesp_mqtt_client_api.o(i.prv_mqtt_evt) refers to lwesp_mqtt_client.o(i.lwesp_mqtt_client_get_arg) for lwesp_mqtt_client_get_arg
    lwesp_mqtt_client_api.o(i.prv_mqtt_evt) refers to lwesp_mqtt_client_api.o(i.prv_release_sem) for prv_release_sem
    lwesp_mqtt_client_api.o(i.prv_mqtt_evt) refers to lwesp_sys_freertos.o(i.lwesp_sys_mbox_isvalid) for lwesp_sys_mbox_isvalid
    lwesp_mqtt_client_api.o(i.prv_mqtt_evt) refers to lwesp_mem.o(i.lwesp_mem_malloc) for lwesp_mem_malloc
    lwesp_mqtt_client_api.o(i.prv_mqtt_evt) refers to memseta.o(.text) for __aeabi_memclr4
    lwesp_mqtt_client_api.o(i.prv_mqtt_evt) refers to memcpya.o(.text) for __aeabi_memcpy
    lwesp_mqtt_client_api.o(i.prv_mqtt_evt) refers to lwesp_sys_freertos.o(i.lwesp_sys_mbox_putnow) for lwesp_sys_mbox_putnow
    lwesp_mqtt_client_api.o(i.prv_mqtt_evt) refers to lwesp_mem.o(i.lwesp_mem_free_s) for lwesp_mem_free_s
    lwesp_mqtt_client_api.o(i.prv_mqtt_evt) refers to lwesp_mqtt_client_api.o(.data) for mqtt_closed
    lwesp_mqtt_client_api.o(i.prv_release_sem) refers to lwesp_sys_freertos.o(i.lwesp_sys_sem_release) for lwesp_sys_sem_release
    lwesp_http_server.o(i.http_evt) refers to lwesp_conn.o(i.lwesp_conn_get_from_evt) for lwesp_conn_get_from_evt
    lwesp_http_server.o(i.http_evt) refers to lwesp_conn.o(i.lwesp_conn_get_arg) for lwesp_conn_get_arg
    lwesp_http_server.o(i.http_evt) refers to lwesp_evt.o(i.lwesp_evt_get_type) for lwesp_evt_get_type
    lwesp_http_server.o(i.http_evt) refers to lwesp_mem.o(i.lwesp_mem_calloc) for lwesp_mem_calloc
    lwesp_http_server.o(i.http_evt) refers to lwesp_conn.o(i.lwesp_conn_set_arg) for lwesp_conn_set_arg
    lwesp_http_server.o(i.http_evt) refers to lwesp_evt.o(i.lwesp_evt_conn_recv_get_buff) for lwesp_evt_conn_recv_get_buff
    lwesp_http_server.o(i.http_evt) refers to lwesp_pbuf.o(i.lwesp_pbuf_cat) for lwesp_pbuf_cat
    lwesp_http_server.o(i.http_evt) refers to lwesp_pbuf.o(i.lwesp_pbuf_ref) for lwesp_pbuf_ref
    lwesp_http_server.o(i.http_evt) refers to lwesp_pbuf.o(i.lwesp_pbuf_strfind) for lwesp_pbuf_strfind
    lwesp_http_server.o(i.http_evt) refers to lwesp_http_server.o(i.http_parse_uri) for http_parse_uri
    lwesp_http_server.o(i.http_evt) refers to lwesp_pbuf.o(i.lwesp_pbuf_strcmp) for lwesp_pbuf_strcmp
    lwesp_http_server.o(i.http_evt) refers to lwesp_pbuf.o(i.lwesp_pbuf_get_at) for lwesp_pbuf_get_at
    lwesp_http_server.o(i.http_evt) refers to lwesp_pbuf.o(i.lwesp_pbuf_length) for lwesp_pbuf_length
    lwesp_http_server.o(i.http_evt) refers to lwesp_http_server.o(i.http_post_send_to_user) for http_post_send_to_user
    lwesp_http_server.o(i.http_evt) refers to lwesp_http_server.o(i.http_get_file_from_uri) for http_get_file_from_uri
    lwesp_http_server.o(i.http_evt) refers to lwesp_http_server.o(i.send_response) for send_response
    lwesp_http_server.o(i.http_evt) refers to lwesp_conn.o(i.lwesp_conn_recved) for lwesp_conn_recved
    lwesp_http_server.o(i.http_evt) refers to lwesp_evt.o(i.lwesp_evt_conn_send_get_result) for lwesp_evt_conn_send_get_result
    lwesp_http_server.o(i.http_evt) refers to lwesp_evt.o(i.lwesp_evt_conn_send_get_length) for lwesp_evt_conn_send_get_length
    lwesp_http_server.o(i.http_evt) refers to lwesp_pbuf.o(i.lwesp_pbuf_free_s) for lwesp_pbuf_free_s
    lwesp_http_server.o(i.http_evt) refers to lwesp_http_server_fs.o(i.http_fs_data_close_file) for http_fs_data_close_file
    lwesp_http_server.o(i.http_evt) refers to lwesp_mem.o(i.lwesp_mem_free_s) for lwesp_mem_free_s
    lwesp_http_server.o(i.http_evt) refers to lwesp_conn.o(i.lwesp_conn_close) for lwesp_conn_close
    lwesp_http_server.o(i.http_evt) refers to lwesp_http_server.o(.data) for hi
    lwesp_http_server.o(i.http_evt) refers to lwesp_http_server.o(.bss) for http_uri
    lwesp_http_server.o(i.http_get_file_from_uri) refers to memseta.o(.text) for __aeabi_memclr4
    lwesp_http_server.o(i.http_get_file_from_uri) refers to strlen.o(.text) for strlen
    lwesp_http_server.o(i.http_get_file_from_uri) refers to lwesp_http_server_fs.o(i.http_fs_data_open_file) for http_fs_data_open_file
    lwesp_http_server.o(i.http_get_file_from_uri) refers to strchr.o(.text) for strchr
    lwesp_http_server.o(i.http_get_file_from_uri) refers to lwesp_http_server.o(i.http_get_params) for http_get_params
    lwesp_http_server.o(i.http_get_file_from_uri) refers to strcmp.o(.text) for strcmp
    lwesp_http_server.o(i.http_get_file_from_uri) refers to lwesp_http_server.o(i.strcmpa) for strcmpa
    lwesp_http_server.o(i.http_get_file_from_uri) refers to lwesp_http_server.o(i.prepare_dynamic_headers) for prepare_dynamic_headers
    lwesp_http_server.o(i.http_get_file_from_uri) refers to lwesp_http_server.o(.data) for http_index_filenames
    lwesp_http_server.o(i.http_get_file_from_uri) refers to lwesp_http_server.o(.bss) for http_params
    lwesp_http_server.o(i.http_get_params) refers to strchr.o(.text) for strchr
    lwesp_http_server.o(i.http_get_params) refers to lwesp_http_server.o(.bss) for http_params
    lwesp_http_server.o(i.http_parse_uri) refers to lwesp_pbuf.o(i.lwesp_pbuf_strfind) for lwesp_pbuf_strfind
    lwesp_http_server.o(i.http_parse_uri) refers to lwesp_pbuf.o(i.lwesp_pbuf_copy) for lwesp_pbuf_copy
    lwesp_http_server.o(i.http_parse_uri) refers to lwesp_http_server.o(.bss) for http_uri
    lwesp_http_server.o(i.http_post_send_to_user) refers to lwesp_pbuf.o(i.lwesp_pbuf_skip) for lwesp_pbuf_skip
    lwesp_http_server.o(i.http_post_send_to_user) refers to lwesp_pbuf.o(i.lwesp_pbuf_advance) for lwesp_pbuf_advance
    lwesp_http_server.o(i.http_post_send_to_user) refers to lwesp_http_server.o(.data) for hi
    lwesp_http_server.o(i.lwesp_http_server_init) refers to lwesp_http_server.o(i.http_evt) for http_evt
    lwesp_http_server.o(i.lwesp_http_server_init) refers to lwesp_http_server.o(.data) for hi
    lwesp_http_server.o(i.lwesp_http_server_write) refers to lwesp_conn.o(i.lwesp_conn_write) for lwesp_conn_write
    lwesp_http_server.o(i.prepare_dynamic_headers) refers to strstr.o(.text) for strstr
    lwesp_http_server.o(i.prepare_dynamic_headers) refers to printf5.o(i.__0sprintf$5) for __2sprintf
    lwesp_http_server.o(i.prepare_dynamic_headers) refers to strchr.o(.text) for strchr
    lwesp_http_server.o(i.prepare_dynamic_headers) refers to lwesp_http_server.o(i.strcmpa) for strcmpa
    lwesp_http_server.o(i.prepare_dynamic_headers) refers to lwesp_http_server.o(.constdata) for http_dynstrs
    lwesp_http_server.o(i.read_rlwesp_file) refers to lwesp_mem.o(i.lwesp_mem_free_s) for lwesp_mem_free_s
    lwesp_http_server.o(i.read_rlwesp_file) refers to lwesp_http_server_fs.o(i.http_fs_data_read_file) for http_fs_data_read_file
    lwesp_http_server.o(i.read_rlwesp_file) refers to lwesp_mem.o(i.lwesp_mem_malloc) for lwesp_mem_malloc
    lwesp_http_server.o(i.read_rlwesp_file) refers to lwesp_http_server.o(.data) for hi
    lwesp_http_server.o(i.send_dynamic_headers) refers to lwesp_conn.o(i.lwesp_conn_write) for lwesp_conn_write
    lwesp_http_server.o(i.send_dynamic_headers) refers to strlen.o(.text) for strlen
    lwesp_http_server.o(i.send_response) refers to lwesp_http_server.o(i.send_dynamic_headers) for send_dynamic_headers
    lwesp_http_server.o(i.send_response) refers to lwesp_http_server.o(i.send_response_ssi) for send_response_ssi
    lwesp_http_server.o(i.send_response) refers to lwesp_http_server.o(i.send_response_no_ssi) for send_response_no_ssi
    lwesp_http_server.o(i.send_response) refers to lwesp_conn.o(i.lwesp_conn_write) for lwesp_conn_write
    lwesp_http_server.o(i.send_response) refers to lwesp_conn.o(i.lwesp_conn_send) for lwesp_conn_send
    lwesp_http_server.o(i.send_response) refers to lwesp_conn.o(i.lwesp_conn_close) for lwesp_conn_close
    lwesp_http_server.o(i.send_response) refers to lwesp_http_server.o(.constdata) for http_data_method_not_allowed
    lwesp_http_server.o(i.send_response_no_ssi) refers to lwesp_http_server.o(i.read_rlwesp_file) for read_rlwesp_file
    lwesp_http_server.o(i.send_response_no_ssi) refers to lwesp_conn.o(i.lwesp_conn_write) for lwesp_conn_write
    lwesp_http_server.o(i.send_response_no_ssi) refers to lwesp_conn.o(i.lwesp_conn_send) for lwesp_conn_send
    lwesp_http_server.o(i.send_response_ssi) refers to lwesp_conn.o(i.lwesp_conn_write) for lwesp_conn_write
    lwesp_http_server.o(i.send_response_ssi) refers to lwesp_http_server.o(i.read_rlwesp_file) for read_rlwesp_file
    lwesp_http_server.o(i.send_response_ssi) refers to lwesp_http_server.o(.data) for hi
    lwesp_http_server.o(i.strcmpa) refers to tolower.o(.text) for tolower
    lwesp_http_server.o(.constdata) refers to lwesp_http_server.o(.conststring) for .conststring
    lwesp_http_server.o(.data) refers to lwesp_http_server.o(.conststring) for .conststring
    lwesp_http_server_fs.o(i.http_fs_data_close_file) refers to lwesp_http_server.o(.data) for http_fs_opened_files_cnt
    lwesp_http_server_fs.o(i.http_fs_data_open_file) refers to strcmp.o(.text) for strcmp
    lwesp_http_server_fs.o(i.http_fs_data_open_file) refers to memseta.o(.text) for __aeabi_memclr4
    lwesp_http_server_fs.o(i.http_fs_data_open_file) refers to lwesp_http_server.o(.data) for http_fs_opened_files_cnt
    lwesp_http_server_fs.o(i.http_fs_data_open_file) refers to lwesp_http_server_fs.o(.constdata) for http_fs_static_files
    lwesp_http_server_fs.o(.constdata) refers to lwesp_http_server_fs.o(.conststring) for .conststring
    retarget.o(.emb_text) refers to retarget.o(i.Hard_Fault_Handler) for Hard_Fault_Handler
    retarget.o(i.Hard_Fault_Handler) refers to printf5.o(i.__0printf$5) for __2printf
    retarget.o(i.Hard_Fault_Handler) refers to retarget.o(i.stackDump) for stackDump
    retarget.o(i.SendChar) refers to retarget.o(i.SendChar_ToUART) for SendChar_ToUART
    retarget.o(i._ttywrch) refers to retarget.o(i.SendChar) for SendChar
    retarget.o(i.fgetc) refers to retarget.o(i.GetChar) for GetChar
    retarget.o(i.fputc) refers to retarget.o(i.SendChar) for SendChar
    retarget.o(i.stackDump) refers to printf5.o(i.__0printf$5) for __2printf
    startup_m480.o(RESET) refers to startup_m480.o(STACK) for __initial_sp
    startup_m480.o(RESET) refers to startup_m480.o(.text) for Reset_Handler
    startup_m480.o(RESET) refers to retarget.o(.emb_text) for HardFault_Handler
    startup_m480.o(RESET) refers to port.o(.emb_text) for SVC_Handler
    startup_m480.o(RESET) refers to port.o(i.SysTick_Handler) for SysTick_Handler
    startup_m480.o(.text) refers to system_m480.o(i.SystemInit) for SystemInit
    startup_m480.o(.text) refers to entry.o(.ARM.Collect$$$$00000000) for __main
    system_m480.o(i.SystemCoreClockUpdate) refers to clk.o(i.CLK_GetPLLClockFreq) for CLK_GetPLLClockFreq
    system_m480.o(i.SystemCoreClockUpdate) refers to system_m480.o(.data) for PllClock
    entry.o(.ARM.Collect$$$$00000000) refers (Special) to entry10a.o(.ARM.Collect$$$$0000000D) for __rt_final_cpp
    entry.o(.ARM.Collect$$$$00000000) refers (Special) to entry11a.o(.ARM.Collect$$$$0000000F) for __rt_final_exit
    entry.o(.ARM.Collect$$$$00000000) refers (Special) to entry7b.o(.ARM.Collect$$$$00000008) for _main_clock
    entry.o(.ARM.Collect$$$$00000000) refers (Special) to entry8b.o(.ARM.Collect$$$$0000000A) for _main_cpp_init
    entry.o(.ARM.Collect$$$$00000000) refers (Special) to entry9a.o(.ARM.Collect$$$$0000000B) for _main_init
    entry.o(.ARM.Collect$$$$00000000) refers (Special) to entry5.o(.ARM.Collect$$$$00000004) for _main_scatterload
    entry.o(.ARM.Collect$$$$00000000) refers (Special) to entry2.o(.ARM.Collect$$$$00000001) for _main_stk
    printfb.o(i.__0fprintf$bare) refers to printfb.o(i._printf_core) for _printf_core
    printfb.o(i.__0fprintf$bare) refers to retarget.o(i.fputc) for fputc
    printfb.o(i.__0printf$bare) refers to printfb.o(i._printf_core) for _printf_core
    printfb.o(i.__0printf$bare) refers to retarget.o(i.fputc) for fputc
    printfb.o(i.__0printf$bare) refers to retarget.o(.data) for __stdout
    printfb.o(i.__0snprintf$bare) refers to printfb.o(i._printf_core) for _printf_core
    printfb.o(i.__0snprintf$bare) refers to printfb.o(i._snputc) for _snputc
    printfb.o(i.__0sprintf$bare) refers to printfb.o(i._printf_core) for _printf_core
    printfb.o(i.__0sprintf$bare) refers to printfb.o(i._sputc) for _sputc
    printfb.o(i.__0vfprintf$bare) refers to printfb.o(i._printf_core) for _printf_core
    printfb.o(i.__0vfprintf$bare) refers to retarget.o(i.fputc) for fputc
    printfb.o(i.__0vprintf$bare) refers to printfb.o(i._printf_core) for _printf_core
    printfb.o(i.__0vprintf$bare) refers to retarget.o(i.fputc) for fputc
    printfb.o(i.__0vprintf$bare) refers to retarget.o(.data) for __stdout
    printfb.o(i.__0vsnprintf$bare) refers to printfb.o(i._printf_core) for _printf_core
    printfb.o(i.__0vsnprintf$bare) refers to printfb.o(i._snputc) for _snputc
    printfb.o(i.__0vsprintf$bare) refers to printfb.o(i._printf_core) for _printf_core
    printfb.o(i.__0vsprintf$bare) refers to printfb.o(i._sputc) for _sputc
    printf0.o(i.__0fprintf$0) refers to printf0.o(i._printf_core) for _printf_core
    printf0.o(i.__0fprintf$0) refers to retarget.o(i.fputc) for fputc
    printf0.o(i.__0printf$0) refers to printf0.o(i._printf_core) for _printf_core
    printf0.o(i.__0printf$0) refers to retarget.o(i.fputc) for fputc
    printf0.o(i.__0printf$0) refers to retarget.o(.data) for __stdout
    printf0.o(i.__0snprintf$0) refers to printf0.o(i._printf_core) for _printf_core
    printf0.o(i.__0snprintf$0) refers to printf0.o(i._snputc) for _snputc
    printf0.o(i.__0sprintf$0) refers to printf0.o(i._printf_core) for _printf_core
    printf0.o(i.__0sprintf$0) refers to printf0.o(i._sputc) for _sputc
    printf0.o(i.__0vfprintf$0) refers to printf0.o(i._printf_core) for _printf_core
    printf0.o(i.__0vfprintf$0) refers to retarget.o(i.fputc) for fputc
    printf0.o(i.__0vprintf$0) refers to printf0.o(i._printf_core) for _printf_core
    printf0.o(i.__0vprintf$0) refers to retarget.o(i.fputc) for fputc
    printf0.o(i.__0vprintf$0) refers to retarget.o(.data) for __stdout
    printf0.o(i.__0vsnprintf$0) refers to printf0.o(i._printf_core) for _printf_core
    printf0.o(i.__0vsnprintf$0) refers to printf0.o(i._snputc) for _snputc
    printf0.o(i.__0vsprintf$0) refers to printf0.o(i._printf_core) for _printf_core
    printf0.o(i.__0vsprintf$0) refers to printf0.o(i._sputc) for _sputc
    printf1.o(i.__0fprintf$1) refers to printf1.o(i._printf_core) for _printf_core
    printf1.o(i.__0fprintf$1) refers to retarget.o(i.fputc) for fputc
    printf1.o(i.__0printf$1) refers to printf1.o(i._printf_core) for _printf_core
    printf1.o(i.__0printf$1) refers to retarget.o(i.fputc) for fputc
    printf1.o(i.__0printf$1) refers to retarget.o(.data) for __stdout
    printf1.o(i.__0snprintf$1) refers to printf1.o(i._printf_core) for _printf_core
    printf1.o(i.__0snprintf$1) refers to printf1.o(i._snputc) for _snputc
    printf1.o(i.__0sprintf$1) refers to printf1.o(i._printf_core) for _printf_core
    printf1.o(i.__0sprintf$1) refers to printf1.o(i._sputc) for _sputc
    printf1.o(i.__0vfprintf$1) refers to printf1.o(i._printf_core) for _printf_core
    printf1.o(i.__0vfprintf$1) refers to retarget.o(i.fputc) for fputc
    printf1.o(i.__0vprintf$1) refers to printf1.o(i._printf_core) for _printf_core
    printf1.o(i.__0vprintf$1) refers to retarget.o(i.fputc) for fputc
    printf1.o(i.__0vprintf$1) refers to retarget.o(.data) for __stdout
    printf1.o(i.__0vsnprintf$1) refers to printf1.o(i._printf_core) for _printf_core
    printf1.o(i.__0vsnprintf$1) refers to printf1.o(i._snputc) for _snputc
    printf1.o(i.__0vsprintf$1) refers to printf1.o(i._printf_core) for _printf_core
    printf1.o(i.__0vsprintf$1) refers to printf1.o(i._sputc) for _sputc
    printf1.o(i._printf_core) refers to uidiv.o(.text) for __aeabi_uidivmod
    printf2.o(i.__0fprintf$2) refers to printf2.o(i._printf_core) for _printf_core
    printf2.o(i.__0fprintf$2) refers to retarget.o(i.fputc) for fputc
    printf2.o(i.__0printf$2) refers to printf2.o(i._printf_core) for _printf_core
    printf2.o(i.__0printf$2) refers to retarget.o(i.fputc) for fputc
    printf2.o(i.__0printf$2) refers to retarget.o(.data) for __stdout
    printf2.o(i.__0snprintf$2) refers to printf2.o(i._printf_core) for _printf_core
    printf2.o(i.__0snprintf$2) refers to printf2.o(i._snputc) for _snputc
    printf2.o(i.__0sprintf$2) refers to printf2.o(i._printf_core) for _printf_core
    printf2.o(i.__0sprintf$2) refers to printf2.o(i._sputc) for _sputc
    printf2.o(i.__0vfprintf$2) refers to printf2.o(i._printf_core) for _printf_core
    printf2.o(i.__0vfprintf$2) refers to retarget.o(i.fputc) for fputc
    printf2.o(i.__0vprintf$2) refers to printf2.o(i._printf_core) for _printf_core
    printf2.o(i.__0vprintf$2) refers to retarget.o(i.fputc) for fputc
    printf2.o(i.__0vprintf$2) refers to retarget.o(.data) for __stdout
    printf2.o(i.__0vsnprintf$2) refers to printf2.o(i._printf_core) for _printf_core
    printf2.o(i.__0vsnprintf$2) refers to printf2.o(i._snputc) for _snputc
    printf2.o(i.__0vsprintf$2) refers to printf2.o(i._printf_core) for _printf_core
    printf2.o(i.__0vsprintf$2) refers to printf2.o(i._sputc) for _sputc
    printf3.o(i.__0fprintf$3) refers to printf3.o(i._printf_core) for _printf_core
    printf3.o(i.__0fprintf$3) refers to retarget.o(i.fputc) for fputc
    printf3.o(i.__0printf$3) refers to printf3.o(i._printf_core) for _printf_core
    printf3.o(i.__0printf$3) refers to retarget.o(i.fputc) for fputc
    printf3.o(i.__0printf$3) refers to retarget.o(.data) for __stdout
    printf3.o(i.__0snprintf$3) refers to printf3.o(i._printf_core) for _printf_core
    printf3.o(i.__0snprintf$3) refers to printf3.o(i._snputc) for _snputc
    printf3.o(i.__0sprintf$3) refers to printf3.o(i._printf_core) for _printf_core
    printf3.o(i.__0sprintf$3) refers to printf3.o(i._sputc) for _sputc
    printf3.o(i.__0vfprintf$3) refers to printf3.o(i._printf_core) for _printf_core
    printf3.o(i.__0vfprintf$3) refers to retarget.o(i.fputc) for fputc
    printf3.o(i.__0vprintf$3) refers to printf3.o(i._printf_core) for _printf_core
    printf3.o(i.__0vprintf$3) refers to retarget.o(i.fputc) for fputc
    printf3.o(i.__0vprintf$3) refers to retarget.o(.data) for __stdout
    printf3.o(i.__0vsnprintf$3) refers to printf3.o(i._printf_core) for _printf_core
    printf3.o(i.__0vsnprintf$3) refers to printf3.o(i._snputc) for _snputc
    printf3.o(i.__0vsprintf$3) refers to printf3.o(i._printf_core) for _printf_core
    printf3.o(i.__0vsprintf$3) refers to printf3.o(i._sputc) for _sputc
    printf3.o(i._printf_core) refers to uidiv.o(.text) for __aeabi_uidivmod
    printf4.o(i.__0fprintf$4) refers to printf4.o(i._printf_core) for _printf_core
    printf4.o(i.__0fprintf$4) refers to retarget.o(i.fputc) for fputc
    printf4.o(i.__0printf$4) refers to printf4.o(i._printf_core) for _printf_core
    printf4.o(i.__0printf$4) refers to retarget.o(i.fputc) for fputc
    printf4.o(i.__0printf$4) refers to retarget.o(.data) for __stdout
    printf4.o(i.__0snprintf$4) refers to printf4.o(i._printf_core) for _printf_core
    printf4.o(i.__0snprintf$4) refers to printf4.o(i._snputc) for _snputc
    printf4.o(i.__0sprintf$4) refers to printf4.o(i._printf_core) for _printf_core
    printf4.o(i.__0sprintf$4) refers to printf4.o(i._sputc) for _sputc
    printf4.o(i.__0vfprintf$4) refers to printf4.o(i._printf_core) for _printf_core
    printf4.o(i.__0vfprintf$4) refers to retarget.o(i.fputc) for fputc
    printf4.o(i.__0vprintf$4) refers to printf4.o(i._printf_core) for _printf_core
    printf4.o(i.__0vprintf$4) refers to retarget.o(i.fputc) for fputc
    printf4.o(i.__0vprintf$4) refers to retarget.o(.data) for __stdout
    printf4.o(i.__0vsnprintf$4) refers to printf4.o(i._printf_core) for _printf_core
    printf4.o(i.__0vsnprintf$4) refers to printf4.o(i._snputc) for _snputc
    printf4.o(i.__0vsprintf$4) refers to printf4.o(i._printf_core) for _printf_core
    printf4.o(i.__0vsprintf$4) refers to printf4.o(i._sputc) for _sputc
    printf4.o(i._printf_core) refers to uldiv.o(.text) for __aeabi_uldivmod
    printf5.o(i.__0fprintf$5) refers to printf5.o(i._printf_core) for _printf_core
    printf5.o(i.__0fprintf$5) refers to retarget.o(i.fputc) for fputc
    printf5.o(i.__0printf$5) refers to printf5.o(i._printf_core) for _printf_core
    printf5.o(i.__0printf$5) refers to retarget.o(i.fputc) for fputc
    printf5.o(i.__0printf$5) refers to retarget.o(.data) for __stdout
    printf5.o(i.__0snprintf$5) refers to printf5.o(i._printf_core) for _printf_core
    printf5.o(i.__0snprintf$5) refers to printf5.o(i._snputc) for _snputc
    printf5.o(i.__0sprintf$5) refers to printf5.o(i._printf_core) for _printf_core
    printf5.o(i.__0sprintf$5) refers to printf5.o(i._sputc) for _sputc
    printf5.o(i.__0vfprintf$5) refers to printf5.o(i._printf_core) for _printf_core
    printf5.o(i.__0vfprintf$5) refers to retarget.o(i.fputc) for fputc
    printf5.o(i.__0vprintf$5) refers to printf5.o(i._printf_core) for _printf_core
    printf5.o(i.__0vprintf$5) refers to retarget.o(i.fputc) for fputc
    printf5.o(i.__0vprintf$5) refers to retarget.o(.data) for __stdout
    printf5.o(i.__0vsnprintf$5) refers to printf5.o(i._printf_core) for _printf_core
    printf5.o(i.__0vsnprintf$5) refers to printf5.o(i._snputc) for _snputc
    printf5.o(i.__0vsprintf$5) refers to printf5.o(i._printf_core) for _printf_core
    printf5.o(i.__0vsprintf$5) refers to printf5.o(i._sputc) for _sputc
    printf5.o(i._printf_core) refers to uldiv.o(.text) for __aeabi_uldivmod
    printf6.o(i.__0fprintf$6) refers to printf6.o(i._printf_core) for _printf_core
    printf6.o(i.__0fprintf$6) refers to retarget.o(i.fputc) for fputc
    printf6.o(i.__0printf$6) refers to printf6.o(i._printf_core) for _printf_core
    printf6.o(i.__0printf$6) refers to retarget.o(i.fputc) for fputc
    printf6.o(i.__0printf$6) refers to retarget.o(.data) for __stdout
    printf6.o(i.__0snprintf$6) refers to printf6.o(i._printf_core) for _printf_core
    printf6.o(i.__0snprintf$6) refers to printf6.o(i._snputc) for _snputc
    printf6.o(i.__0sprintf$6) refers to printf6.o(i._printf_core) for _printf_core
    printf6.o(i.__0sprintf$6) refers to printf6.o(i._sputc) for _sputc
    printf6.o(i.__0vfprintf$6) refers to printf6.o(i._printf_core) for _printf_core
    printf6.o(i.__0vfprintf$6) refers to retarget.o(i.fputc) for fputc
    printf6.o(i.__0vprintf$6) refers to printf6.o(i._printf_core) for _printf_core
    printf6.o(i.__0vprintf$6) refers to retarget.o(i.fputc) for fputc
    printf6.o(i.__0vprintf$6) refers to retarget.o(.data) for __stdout
    printf6.o(i.__0vsnprintf$6) refers to printf6.o(i._printf_core) for _printf_core
    printf6.o(i.__0vsnprintf$6) refers to printf6.o(i._snputc) for _snputc
    printf6.o(i.__0vsprintf$6) refers to printf6.o(i._printf_core) for _printf_core
    printf6.o(i.__0vsprintf$6) refers to printf6.o(i._sputc) for _sputc
    printf6.o(i._printf_core) refers to printf6.o(i._printf_pre_padding) for _printf_pre_padding
    printf6.o(i._printf_core) refers to uidiv.o(.text) for __aeabi_uidivmod
    printf6.o(i._printf_core) refers to printf6.o(i._printf_post_padding) for _printf_post_padding
    printf7.o(i.__0fprintf$7) refers to printf7.o(i._printf_core) for _printf_core
    printf7.o(i.__0fprintf$7) refers to retarget.o(i.fputc) for fputc
    printf7.o(i.__0printf$7) refers to printf7.o(i._printf_core) for _printf_core
    printf7.o(i.__0printf$7) refers to retarget.o(i.fputc) for fputc
    printf7.o(i.__0printf$7) refers to retarget.o(.data) for __stdout
    printf7.o(i.__0snprintf$7) refers to printf7.o(i._printf_core) for _printf_core
    printf7.o(i.__0snprintf$7) refers to printf7.o(i._snputc) for _snputc
    printf7.o(i.__0sprintf$7) refers to printf7.o(i._printf_core) for _printf_core
    printf7.o(i.__0sprintf$7) refers to printf7.o(i._sputc) for _sputc
    printf7.o(i.__0vfprintf$7) refers to printf7.o(i._printf_core) for _printf_core
    printf7.o(i.__0vfprintf$7) refers to retarget.o(i.fputc) for fputc
    printf7.o(i.__0vprintf$7) refers to printf7.o(i._printf_core) for _printf_core
    printf7.o(i.__0vprintf$7) refers to retarget.o(i.fputc) for fputc
    printf7.o(i.__0vprintf$7) refers to retarget.o(.data) for __stdout
    printf7.o(i.__0vsnprintf$7) refers to printf7.o(i._printf_core) for _printf_core
    printf7.o(i.__0vsnprintf$7) refers to printf7.o(i._snputc) for _snputc
    printf7.o(i.__0vsprintf$7) refers to printf7.o(i._printf_core) for _printf_core
    printf7.o(i.__0vsprintf$7) refers to printf7.o(i._sputc) for _sputc
    printf7.o(i._printf_core) refers to printf7.o(i._printf_pre_padding) for _printf_pre_padding
    printf7.o(i._printf_core) refers to uldiv.o(.text) for __aeabi_uldivmod
    printf7.o(i._printf_core) refers to printf7.o(i._printf_post_padding) for _printf_post_padding
    printf8.o(i.__0fprintf$8) refers to printf8.o(i._printf_core) for _printf_core
    printf8.o(i.__0fprintf$8) refers to retarget.o(i.fputc) for fputc
    printf8.o(i.__0printf$8) refers to printf8.o(i._printf_core) for _printf_core
    printf8.o(i.__0printf$8) refers to retarget.o(i.fputc) for fputc
    printf8.o(i.__0printf$8) refers to retarget.o(.data) for __stdout
    printf8.o(i.__0snprintf$8) refers to printf8.o(i._printf_core) for _printf_core
    printf8.o(i.__0snprintf$8) refers to printf8.o(i._snputc) for _snputc
    printf8.o(i.__0sprintf$8) refers to printf8.o(i._printf_core) for _printf_core
    printf8.o(i.__0sprintf$8) refers to printf8.o(i._sputc) for _sputc
    printf8.o(i.__0vfprintf$8) refers to printf8.o(i._printf_core) for _printf_core
    printf8.o(i.__0vfprintf$8) refers to retarget.o(i.fputc) for fputc
    printf8.o(i.__0vprintf$8) refers to printf8.o(i._printf_core) for _printf_core
    printf8.o(i.__0vprintf$8) refers to retarget.o(i.fputc) for fputc
    printf8.o(i.__0vprintf$8) refers to retarget.o(.data) for __stdout
    printf8.o(i.__0vsnprintf$8) refers to printf8.o(i._printf_core) for _printf_core
    printf8.o(i.__0vsnprintf$8) refers to printf8.o(i._snputc) for _snputc
    printf8.o(i.__0vsprintf$8) refers to printf8.o(i._printf_core) for _printf_core
    printf8.o(i.__0vsprintf$8) refers to printf8.o(i._sputc) for _sputc
    printf8.o(i._printf_core) refers to printf8.o(i._printf_pre_padding) for _printf_pre_padding
    printf8.o(i._printf_core) refers to uldiv.o(.text) for __aeabi_uldivmod
    printf8.o(i._printf_core) refers to printf8.o(i._printf_post_padding) for _printf_post_padding
    printfa.o(i.__0fprintf) refers (Special) to iusefp.o(.text) for __I$use$fp
    printfa.o(i.__0fprintf) refers to printfa.o(i._printf_core) for _printf_core
    printfa.o(i.__0fprintf) refers to retarget.o(i.fputc) for fputc
    printfa.o(i.__0printf) refers (Special) to iusefp.o(.text) for __I$use$fp
    printfa.o(i.__0printf) refers to printfa.o(i._printf_core) for _printf_core
    printfa.o(i.__0printf) refers to retarget.o(i.fputc) for fputc
    printfa.o(i.__0printf) refers to retarget.o(.data) for __stdout
    printfa.o(i.__0snprintf) refers (Special) to iusefp.o(.text) for __I$use$fp
    printfa.o(i.__0snprintf) refers to printfa.o(i._printf_core) for _printf_core
    printfa.o(i.__0snprintf) refers to printfa.o(i._snputc) for _snputc
    printfa.o(i.__0sprintf) refers (Special) to iusefp.o(.text) for __I$use$fp
    printfa.o(i.__0sprintf) refers to printfa.o(i._printf_core) for _printf_core
    printfa.o(i.__0sprintf) refers to printfa.o(i._sputc) for _sputc
    printfa.o(i.__0vfprintf) refers (Special) to iusefp.o(.text) for __I$use$fp
    printfa.o(i.__0vfprintf) refers to printfa.o(i._printf_core) for _printf_core
    printfa.o(i.__0vfprintf) refers to retarget.o(i.fputc) for fputc
    printfa.o(i.__0vprintf) refers (Special) to iusefp.o(.text) for __I$use$fp
    printfa.o(i.__0vprintf) refers to printfa.o(i._printf_core) for _printf_core
    printfa.o(i.__0vprintf) refers to retarget.o(i.fputc) for fputc
    printfa.o(i.__0vprintf) refers to retarget.o(.data) for __stdout
    printfa.o(i.__0vsnprintf) refers (Special) to iusefp.o(.text) for __I$use$fp
    printfa.o(i.__0vsnprintf) refers to printfa.o(i._printf_core) for _printf_core
    printfa.o(i.__0vsnprintf) refers to printfa.o(i._snputc) for _snputc
    printfa.o(i.__0vsprintf) refers (Special) to iusefp.o(.text) for __I$use$fp
    printfa.o(i.__0vsprintf) refers to printfa.o(i._printf_core) for _printf_core
    printfa.o(i.__0vsprintf) refers to printfa.o(i._sputc) for _sputc
    printfa.o(i._fp_digits) refers (Special) to iusefp.o(.text) for __I$use$fp
    printfa.o(i._fp_digits) refers to dmul.o(.text) for __aeabi_dmul
    printfa.o(i._fp_digits) refers to ddiv.o(.text) for __aeabi_ddiv
    printfa.o(i._fp_digits) refers to cdrcmple.o(.text) for __aeabi_cdrcmple
    printfa.o(i._fp_digits) refers to dadd.o(.text) for __aeabi_dadd
    printfa.o(i._fp_digits) refers to dfixul.o(.text) for __aeabi_d2ulz
    printfa.o(i._fp_digits) refers to uldiv.o(.text) for __aeabi_uldivmod
    printfa.o(i._printf_core) refers (Special) to iusefp.o(.text) for __I$use$fp
    printfa.o(i._printf_core) refers to printfa.o(i._printf_pre_padding) for _printf_pre_padding
    printfa.o(i._printf_core) refers to uldiv.o(.text) for __aeabi_uldivmod
    printfa.o(i._printf_core) refers to printfa.o(i._printf_post_padding) for _printf_post_padding
    printfa.o(i._printf_core) refers to printfa.o(i._fp_digits) for _fp_digits
    printfa.o(i._printf_core) refers to uidiv.o(.text) for __aeabi_uidivmod
    printfa.o(i._printf_post_padding) refers (Special) to iusefp.o(.text) for __I$use$fp
    printfa.o(i._printf_pre_padding) refers (Special) to iusefp.o(.text) for __I$use$fp
    printfa.o(i._snputc) refers (Special) to iusefp.o(.text) for __I$use$fp
    printfa.o(i._sputc) refers (Special) to iusefp.o(.text) for __I$use$fp
    entry2.o(.ARM.Collect$$$$00000001) refers to entry2.o(.ARM.Collect$$$$00002712) for __lit__00000000
    entry2.o(.ARM.Collect$$$$00002712) refers to startup_m480.o(STACK) for __initial_sp
    entry2.o(__vectab_stack_and_reset_area) refers to startup_m480.o(STACK) for __initial_sp
    entry2.o(__vectab_stack_and_reset_area) refers to entry.o(.ARM.Collect$$$$00000000) for __main
    entry5.o(.ARM.Collect$$$$00000004) refers to init.o(.text) for __scatterload
    entry9a.o(.ARM.Collect$$$$0000000B) refers to main.o(i.main) for main
    entry9b.o(.ARM.Collect$$$$0000000C) refers to main.o(i.main) for main
    uldiv.o(.text) refers to llushr.o(.text) for __aeabi_llsr
    uldiv.o(.text) refers to llshl.o(.text) for __aeabi_llsl
    dadd.o(.text) refers to llshl.o(.text) for __aeabi_llsl
    dadd.o(.text) refers to llsshr.o(.text) for __aeabi_lasr
    dadd.o(.text) refers to depilogue.o(.text) for _double_epilogue
    dmul.o(.text) refers to depilogue.o(.text) for _double_epilogue
    ddiv.o(.text) refers to depilogue.o(.text) for _double_round
    dfixul.o(.text) refers to llushr.o(.text) for __aeabi_llsr
    dfixul.o(.text) refers to llshl.o(.text) for __aeabi_llsl
    init.o(.text) refers to entry5.o(.ARM.Collect$$$$00000004) for __main_after_scatterload
    depilogue.o(.text) refers to llshl.o(.text) for __aeabi_llsl
    depilogue.o(.text) refers to llushr.o(.text) for __aeabi_llsr


==============================================================================

Removing Unused input sections from the image.

    Removing main.o(.rev16_text), (4 bytes).
    Removing main.o(.revsh_text), (4 bytes).
    Removing main.o(.rrx_text), (6 bytes).
    Removing main.o(i.vWifiTask), (40 bytes).
    Removing main.o(i.writePin), (4 bytes).
    Removing sys.o(.rev16_text), (4 bytes).
    Removing sys.o(.revsh_text), (4 bytes).
    Removing sys.o(.rrx_text), (6 bytes).
    Removing sys.o(i.SYS_ClearResetSrc), (16 bytes).
    Removing sys.o(i.SYS_DisableBOD), (18 bytes).
    Removing sys.o(i.SYS_EnableBOD), (42 bytes).
    Removing sys.o(i.SYS_GetBODStatus), (12 bytes).
    Removing sys.o(i.SYS_GetResetSrc), (8 bytes).
    Removing sys.o(i.SYS_IsRegLocked), (20 bytes).
    Removing sys.o(i.SYS_ReadPDID), (8 bytes).
    Removing sys.o(i.SYS_ResetCPU), (18 bytes).
    Removing sys.o(i.SYS_ResetChip), (18 bytes).
    Removing sys.o(i.SYS_SetPowerLevel), (24 bytes).
    Removing sys.o(i.SYS_SetVRef), (20 bytes).
    Removing clk.o(.rev16_text), (4 bytes).
    Removing clk.o(.revsh_text), (4 bytes).
    Removing clk.o(.rrx_text), (6 bytes).
    Removing clk.o(i.CLK_DisableCKO), (16 bytes).
    Removing clk.o(i.CLK_DisableModuleClock), (40 bytes).
    Removing clk.o(i.CLK_DisableSysTick), (10 bytes).
    Removing clk.o(i.CLK_DisableXtalRC), (20 bytes).
    Removing clk.o(i.CLK_EnableCKO), (48 bytes).
    Removing clk.o(i.CLK_EnableDPDWKPin), (172 bytes).
    Removing clk.o(i.CLK_EnableSPDWKPin), (48 bytes).
    Removing clk.o(i.CLK_EnableSysTick), (72 bytes).
    Removing clk.o(i.CLK_GetCPUFreq), (16 bytes).
    Removing clk.o(i.CLK_GetHCLKFreq), (16 bytes).
    Removing clk.o(i.CLK_GetHXTFreq), (28 bytes).
    Removing clk.o(i.CLK_GetLXTFreq), (24 bytes).
    Removing clk.o(i.CLK_GetModuleClockDivider), (108 bytes).
    Removing clk.o(i.CLK_GetModuleClockSource), (152 bytes).
    Removing clk.o(i.CLK_GetPCLK0Freq), (120 bytes).
    Removing clk.o(i.CLK_GetPCLK1Freq), (120 bytes).
    Removing clk.o(i.CLK_GetPMUWKSrc), (12 bytes).
    Removing clk.o(i.CLK_Idle), (40 bytes).
    Removing clk.o(i.CLK_PowerDown), (68 bytes).
    Removing clk.o(i.CLK_SetPowerDownMode), (124 bytes).
    Removing clk.o(i.CLK_SetSysTickClockSrc), (24 bytes).
    Removing clk.o(.constdata), (32 bytes).
    Removing gpio.o(.rev16_text), (4 bytes).
    Removing gpio.o(.revsh_text), (4 bytes).
    Removing gpio.o(.rrx_text), (6 bytes).
    Removing gpio.o(i.GPIO_DisableInt), (24 bytes).
    Removing gpio.o(i.GPIO_EnableInt), (40 bytes).
    Removing gpio.o(i.GPIO_SetMode), (50 bytes).
    Removing gpio.o(i.GPIO_SetPullCtl), (44 bytes).
    Removing gpio.o(i.GPIO_SetSlewCtl), (44 bytes).
    Removing uart.o(.rev16_text), (4 bytes).
    Removing uart.o(.revsh_text), (4 bytes).
    Removing uart.o(.rrx_text), (6 bytes).
    Removing uart.o(i.UART_ClearIntFlag), (72 bytes).
    Removing uart.o(i.UART_Close), (6 bytes).
    Removing uart.o(i.UART_DisableFlowCtrl), (10 bytes).
    Removing uart.o(i.UART_DisableInt), (8 bytes).
    Removing uart.o(i.UART_EnableFlowCtrl), (26 bytes).
    Removing uart.o(i.UART_EnableInt), (8 bytes).
    Removing uart.o(i.UART_Read), (58 bytes).
    Removing uart.o(i.UART_SelectIrDAMode), (408 bytes).
    Removing uart.o(i.UART_SelectLINMode), (26 bytes).
    Removing uart.o(i.UART_SelectRS485Mode), (32 bytes).
    Removing uart.o(i.UART_SetLineConfig), (412 bytes).
    Removing uart.o(i.UART_SetTimeoutCnt), (20 bytes).
    Removing uart.o(i.UART_Write), (58 bytes).
    Removing pdma.o(.rev16_text), (4 bytes).
    Removing pdma.o(.revsh_text), (4 bytes).
    Removing pdma.o(.rrx_text), (6 bytes).
    Removing pdma.o(i.PDMA_Close), (8 bytes).
    Removing pdma.o(i.PDMA_DisableInt), (70 bytes).
    Removing pdma.o(i.PDMA_DisableTimeout), (12 bytes).
    Removing pdma.o(i.PDMA_EnableInt), (70 bytes).
    Removing pdma.o(i.PDMA_EnableTimeout), (12 bytes).
    Removing pdma.o(i.PDMA_Open), (52 bytes).
    Removing pdma.o(i.PDMA_SetBurstType), (38 bytes).
    Removing pdma.o(i.PDMA_SetRepeat), (40 bytes).
    Removing pdma.o(i.PDMA_SetStride), (50 bytes).
    Removing pdma.o(i.PDMA_SetTimeOut), (78 bytes).
    Removing pdma.o(i.PDMA_SetTransferAddr), (54 bytes).
    Removing pdma.o(i.PDMA_SetTransferCnt), (42 bytes).
    Removing pdma.o(i.PDMA_SetTransferMode), (380 bytes).
    Removing pdma.o(i.PDMA_Trigger), (20 bytes).
    Removing pdma.o(.bss), (16 bytes).
    Removing port.o(.rev16_text), (4 bytes).
    Removing port.o(.revsh_text), (4 bytes).
    Removing port.o(.rrx_text), (6 bytes).
    Removing port.o(i.vPortEndScheduler), (48 bytes).
    Removing list.o(.rev16_text), (4 bytes).
    Removing list.o(.revsh_text), (4 bytes).
    Removing list.o(.rrx_text), (6 bytes).
    Removing queue.o(.rev16_text), (4 bytes).
    Removing queue.o(.revsh_text), (4 bytes).
    Removing queue.o(.rrx_text), (6 bytes).
    Removing queue.o(i.pcQueueGetName), (44 bytes).
    Removing queue.o(i.prvGetDisinheritPriorityAfterTimeout), (20 bytes).
    Removing queue.o(i.prvInitialiseMutex), (28 bytes).
    Removing queue.o(i.ucQueueGetQueueType), (8 bytes).
    Removing queue.o(i.uxQueueGetQueueNumber), (6 bytes).
    Removing queue.o(i.uxQueueMessagesWaiting), (42 bytes).
    Removing queue.o(i.uxQueueMessagesWaitingFromISR), (30 bytes).
    Removing queue.o(i.uxQueueSpacesAvailable), (48 bytes).
    Removing queue.o(i.vQueueDelete), (44 bytes).
    Removing queue.o(i.vQueueSetQueueNumber), (4 bytes).
    Removing queue.o(i.vQueueUnregisterQueue), (48 bytes).
    Removing queue.o(i.xQueueAddToSet), (38 bytes).
    Removing queue.o(i.xQueueCreateCountingSemaphore), (92 bytes).
    Removing queue.o(i.xQueueCreateMutex), (34 bytes).
    Removing queue.o(i.xQueueCreateSet), (20 bytes).
    Removing queue.o(i.xQueueGiveFromISR), (246 bytes).
    Removing queue.o(i.xQueueGiveMutexRecursive), (72 bytes).
    Removing queue.o(i.xQueueIsQueueEmptyFromISR), (38 bytes).
    Removing queue.o(i.xQueueIsQueueFullFromISR), (42 bytes).
    Removing queue.o(i.xQueuePeek), (368 bytes).
    Removing queue.o(i.xQueuePeekFromISR), (176 bytes).
    Removing queue.o(i.xQueueReceiveFromISR), (202 bytes).
    Removing queue.o(i.xQueueRemoveFromSet), (48 bytes).
    Removing queue.o(i.xQueueSelectFromSet), (24 bytes).
    Removing queue.o(i.xQueueSelectFromSetFromISR), (22 bytes).
    Removing queue.o(i.xQueueSemaphoreTake), (440 bytes).
    Removing queue.o(i.xQueueTakeMutexRecursive), (78 bytes).
    Removing tasks.o(.rev16_text), (4 bytes).
    Removing tasks.o(.revsh_text), (4 bytes).
    Removing tasks.o(.rrx_text), (6 bytes).
    Removing tasks.o(i.eTaskGetState), (132 bytes).
    Removing tasks.o(i.pcTaskGetName), (48 bytes).
    Removing tasks.o(i.prvListTasksWithinSingleList), (106 bytes).
    Removing tasks.o(i.prvTaskCheckFreeStackSpace), (22 bytes).
    Removing tasks.o(i.prvTaskIsTaskSuspended), (88 bytes).
    Removing tasks.o(i.pvTaskIncrementMutexHeldCount), (32 bytes).
    Removing tasks.o(i.ulTaskNotifyTake), (116 bytes).
    Removing tasks.o(i.uxTaskGetNumberOfTasks), (12 bytes).
    Removing tasks.o(i.uxTaskGetSystemState), (176 bytes).
    Removing tasks.o(i.uxTaskGetTaskNumber), (14 bytes).
    Removing tasks.o(i.uxTaskPriorityGet), (36 bytes).
    Removing tasks.o(i.uxTaskPriorityGetFromISR), (68 bytes).
    Removing tasks.o(i.uxTaskResetEventItemValue), (28 bytes).
    Removing tasks.o(i.vTaskDelayUntil), (212 bytes).
    Removing tasks.o(i.vTaskDelete), (244 bytes).
    Removing tasks.o(i.vTaskEndScheduler), (36 bytes).
    Removing tasks.o(i.vTaskGetInfo), (132 bytes).
    Removing tasks.o(i.vTaskNotifyGiveFromISR), (240 bytes).
    Removing tasks.o(i.vTaskPlaceOnUnorderedEventList), (108 bytes).
    Removing tasks.o(i.vTaskPriorityDisinheritAfterTimeout), (244 bytes).
    Removing tasks.o(i.vTaskPrioritySet), (276 bytes).
    Removing tasks.o(i.vTaskRemoveFromUnorderedEventList), (164 bytes).
    Removing tasks.o(i.vTaskResume), (144 bytes).
    Removing tasks.o(i.vTaskSetTaskNumber), (8 bytes).
    Removing tasks.o(i.vTaskSetTimeOutState), (60 bytes).
    Removing tasks.o(i.vTaskSuspend), (244 bytes).
    Removing tasks.o(i.xTaskGenericNotify), (260 bytes).
    Removing tasks.o(i.xTaskGenericNotifyFromISR), (324 bytes).
    Removing tasks.o(i.xTaskGetCurrentTaskHandle), (12 bytes).
    Removing tasks.o(i.xTaskGetTickCountFromISR), (20 bytes).
    Removing tasks.o(i.xTaskNotifyStateClear), (52 bytes).
    Removing tasks.o(i.xTaskNotifyWait), (160 bytes).
    Removing tasks.o(i.xTaskPriorityInherit), (200 bytes).
    Removing tasks.o(i.xTaskResumeFromISR), (180 bytes).
    Removing timers.o(.rev16_text), (4 bytes).
    Removing timers.o(.revsh_text), (4 bytes).
    Removing timers.o(.rrx_text), (6 bytes).
    Removing timers.o(i.pcTimerGetName), (32 bytes).
    Removing timers.o(i.prvInitialiseNewTimer), (78 bytes).
    Removing timers.o(i.pvTimerGetTimerID), (44 bytes).
    Removing timers.o(i.uxTimerGetTimerNumber), (6 bytes).
    Removing timers.o(i.vTimerSetTimerID), (44 bytes).
    Removing timers.o(i.vTimerSetTimerNumber), (4 bytes).
    Removing timers.o(i.xTimerCreate), (48 bytes).
    Removing timers.o(i.xTimerGetExpiryTime), (34 bytes).
    Removing timers.o(i.xTimerGetPeriod), (32 bytes).
    Removing timers.o(i.xTimerGetTimerDaemonTaskHandle), (48 bytes).
    Removing timers.o(i.xTimerIsTimerActive), (56 bytes).
    Removing heap_2.o(.rev16_text), (4 bytes).
    Removing heap_2.o(.revsh_text), (4 bytes).
    Removing heap_2.o(.rrx_text), (6 bytes).
    Removing heap_2.o(i.vPortInitialiseBlocks), (2 bytes).
    Removing heap_2.o(i.xPortGetFreeHeapSize), (12 bytes).
    Removing lwesp_netconn.o(.rev16_text), (4 bytes).
    Removing lwesp_netconn.o(.revsh_text), (4 bytes).
    Removing lwesp_netconn.o(.rrx_text), (6 bytes).
    Removing lwesp_ap.o(.rev16_text), (4 bytes).
    Removing lwesp_ap.o(.revsh_text), (4 bytes).
    Removing lwesp_ap.o(.rrx_text), (6 bytes).
    Removing lwesp_ap.o(i.lwesp_ap_disconn_sta), (116 bytes).
    Removing lwesp_ap.o(i.lwesp_ap_get_config), (96 bytes).
    Removing lwesp_ap.o(i.lwesp_ap_getip), (100 bytes).
    Removing lwesp_ap.o(i.lwesp_ap_getmac), (88 bytes).
    Removing lwesp_ap.o(i.lwesp_ap_list_sta), (124 bytes).
    Removing lwesp_ap.o(i.lwesp_ap_set_config), (204 bytes).
    Removing lwesp_ap.o(i.lwesp_ap_setip), (136 bytes).
    Removing lwesp_ap.o(i.lwesp_ap_setmac), (120 bytes).
    Removing lwesp_buff.o(.rev16_text), (4 bytes).
    Removing lwesp_buff.o(.revsh_text), (4 bytes).
    Removing lwesp_buff.o(.rrx_text), (6 bytes).
    Removing lwesp_buff.o(i.lwesp_buff_advance), (66 bytes).
    Removing lwesp_buff.o(i.lwesp_buff_free), (22 bytes).
    Removing lwesp_buff.o(i.lwesp_buff_get_free), (48 bytes).
    Removing lwesp_buff.o(i.lwesp_buff_get_full), (48 bytes).
    Removing lwesp_buff.o(i.lwesp_buff_get_linear_block_read_address), (24 bytes).
    Removing lwesp_buff.o(i.lwesp_buff_get_linear_block_read_length), (46 bytes).
    Removing lwesp_buff.o(i.lwesp_buff_get_linear_block_write_address), (24 bytes).
    Removing lwesp_buff.o(i.lwesp_buff_get_linear_block_write_length), (44 bytes).
    Removing lwesp_buff.o(i.lwesp_buff_init), (46 bytes).
    Removing lwesp_buff.o(i.lwesp_buff_peek), (138 bytes).
    Removing lwesp_buff.o(i.lwesp_buff_read), (132 bytes).
    Removing lwesp_buff.o(i.lwesp_buff_reset), (18 bytes).
    Removing lwesp_buff.o(i.lwesp_buff_skip), (66 bytes).
    Removing lwesp_buff.o(i.lwesp_buff_write), (132 bytes).
    Removing lwesp.o(.rev16_text), (4 bytes).
    Removing lwesp.o(.revsh_text), (4 bytes).
    Removing lwesp.o(.rrx_text), (6 bytes).
    Removing lwesp.o(i.lwesp_core_lock), (24 bytes).
    Removing lwesp.o(i.lwesp_core_unlock), (24 bytes).
    Removing lwesp.o(i.lwesp_delay), (48 bytes).
    Removing lwesp.o(i.lwesp_device_get_device), (24 bytes).
    Removing lwesp.o(i.lwesp_device_is_device), (36 bytes).
    Removing lwesp.o(i.lwesp_device_is_esp8266), (10 bytes).
    Removing lwesp.o(i.lwesp_device_is_present), (28 bytes).
    Removing lwesp.o(i.lwesp_device_set_present), (124 bytes).
    Removing lwesp.o(i.lwesp_get_current_at_fw_version), (36 bytes).
    Removing lwesp.o(i.lwesp_get_min_at_fw_version), (56 bytes).
    Removing lwesp.o(i.lwesp_get_wifi_mode), (88 bytes).
    Removing lwesp.o(i.lwesp_init), (524 bytes).
    Removing lwesp.o(i.lwesp_reset), (22 bytes).
    Removing lwesp.o(i.lwesp_reset_with_delay), (88 bytes).
    Removing lwesp.o(i.lwesp_restore), (84 bytes).
    Removing lwesp.o(i.lwesp_set_at_baudrate), (88 bytes).
    Removing lwesp.o(i.lwesp_set_wifi_mode), (88 bytes).
    Removing lwesp.o(i.lwesp_update_sw), (80 bytes).
    Removing lwesp.o(i.prv_def_callback), (6 bytes).
    Removing lwesp.o(i.prv_keep_alive_timeout_fn), (28 bytes).
    Removing lwesp.o(.bss), (464 bytes).
    Removing lwesp.o(.data), (8 bytes).
    Removing lwesp_cli.o(.rev16_text), (4 bytes).
    Removing lwesp_cli.o(.revsh_text), (4 bytes).
    Removing lwesp_cli.o(.rrx_text), (6 bytes).
    Removing lwesp_cli.o(i.cli_station_info), (228 bytes).
    Removing lwesp_cli.o(i.lwesp_cli_register_commands), (16 bytes).
    Removing lwesp_cli.o(.constdata), (12 bytes).
    Removing lwesp_cli.o(.conststring), (41 bytes).
    Removing lwesp_conn.o(.rev16_text), (4 bytes).
    Removing lwesp_conn.o(.revsh_text), (4 bytes).
    Removing lwesp_conn.o(.rrx_text), (6 bytes).
    Removing lwesp_conn.o(i.flush_buff), (72 bytes).
    Removing lwesp_conn.o(i.lwesp_conn_close), (172 bytes).
    Removing lwesp_conn.o(i.lwesp_conn_get_arg), (18 bytes).
    Removing lwesp_conn.o(i.lwesp_conn_get_from_evt), (66 bytes).
    Removing lwesp_conn.o(i.lwesp_conn_get_local_port), (22 bytes).
    Removing lwesp_conn.o(i.lwesp_conn_get_remote_ip), (36 bytes).
    Removing lwesp_conn.o(i.lwesp_conn_get_remote_port), (22 bytes).
    Removing lwesp_conn.o(i.lwesp_conn_get_total_recved_count), (22 bytes).
    Removing lwesp_conn.o(i.lwesp_conn_getnum), (26 bytes).
    Removing lwesp_conn.o(i.lwesp_conn_is_active), (36 bytes).
    Removing lwesp_conn.o(i.lwesp_conn_is_client), (56 bytes).
    Removing lwesp_conn.o(i.lwesp_conn_is_closed), (40 bytes).
    Removing lwesp_conn.o(i.lwesp_conn_is_server), (56 bytes).
    Removing lwesp_conn.o(i.lwesp_conn_recved), (38 bytes).
    Removing lwesp_conn.o(i.lwesp_conn_send), (152 bytes).
    Removing lwesp_conn.o(i.lwesp_conn_sendto), (64 bytes).
    Removing lwesp_conn.o(i.lwesp_conn_set_arg), (20 bytes).
    Removing lwesp_conn.o(i.lwesp_conn_set_ssl_buffersize), (68 bytes).
    Removing lwesp_conn.o(i.lwesp_conn_ssl_set_config), (132 bytes).
    Removing lwesp_conn.o(i.lwesp_conn_start), (144 bytes).
    Removing lwesp_conn.o(i.lwesp_conn_startex), (180 bytes).
    Removing lwesp_conn.o(i.lwesp_conn_write), (310 bytes).
    Removing lwesp_conn.o(i.lwesp_get_conns_status), (64 bytes).
    Removing lwesp_conn.o(i.lwespi_conn_check_available_rx_data), (72 bytes).
    Removing lwesp_conn.o(i.lwespi_conn_init), (2 bytes).
    Removing lwesp_conn.o(i.lwespi_conn_manual_tcp_try_read_data), (168 bytes).
    Removing lwesp_conn.o(i.lwespi_conn_start_timeout), (24 bytes).
    Removing lwesp_conn.o(i.prv_check_available_rx_data_evt_fn), (40 bytes).
    Removing lwesp_conn.o(i.prv_conn_send), (220 bytes).
    Removing lwesp_conn.o(i.prv_conn_timeout_cb), (56 bytes).
    Removing lwesp_conn.o(i.prv_manual_tcp_read_data_evt_fn), (28 bytes).
    Removing lwesp_debug.o(.rev16_text), (4 bytes).
    Removing lwesp_debug.o(.revsh_text), (4 bytes).
    Removing lwesp_debug.o(.rrx_text), (6 bytes).
    Removing lwesp_dhcp.o(.rev16_text), (4 bytes).
    Removing lwesp_dhcp.o(.revsh_text), (4 bytes).
    Removing lwesp_dhcp.o(.rrx_text), (6 bytes).
    Removing lwesp_dhcp.o(i.lwesp_dhcp_set_config), (104 bytes).
    Removing lwesp_dns.o(.rev16_text), (4 bytes).
    Removing lwesp_dns.o(.revsh_text), (4 bytes).
    Removing lwesp_dns.o(.rrx_text), (6 bytes).
    Removing lwesp_evt.o(.rev16_text), (4 bytes).
    Removing lwesp_evt.o(.revsh_text), (4 bytes).
    Removing lwesp_evt.o(.rrx_text), (6 bytes).
    Removing lwesp_evt.o(i.lwesp_evt_ap_connected_sta_get_mac), (6 bytes).
    Removing lwesp_evt.o(i.lwesp_evt_ap_disconnected_sta_get_mac), (6 bytes).
    Removing lwesp_evt.o(i.lwesp_evt_ap_ip_sta_get_ip), (6 bytes).
    Removing lwesp_evt.o(i.lwesp_evt_ap_ip_sta_get_mac), (6 bytes).
    Removing lwesp_evt.o(i.lwesp_evt_conn_active_get_conn), (6 bytes).
    Removing lwesp_evt.o(i.lwesp_evt_conn_active_is_client), (16 bytes).
    Removing lwesp_evt.o(i.lwesp_evt_conn_close_get_conn), (6 bytes).
    Removing lwesp_evt.o(i.lwesp_evt_conn_close_get_result), (6 bytes).
    Removing lwesp_evt.o(i.lwesp_evt_conn_close_is_client), (6 bytes).
    Removing lwesp_evt.o(i.lwesp_evt_conn_close_is_forced), (6 bytes).
    Removing lwesp_evt.o(i.lwesp_evt_conn_error_get_arg), (6 bytes).
    Removing lwesp_evt.o(i.lwesp_evt_conn_error_get_error), (6 bytes).
    Removing lwesp_evt.o(i.lwesp_evt_conn_error_get_host), (6 bytes).
    Removing lwesp_evt.o(i.lwesp_evt_conn_error_get_port), (6 bytes).
    Removing lwesp_evt.o(i.lwesp_evt_conn_error_get_type), (6 bytes).
    Removing lwesp_evt.o(i.lwesp_evt_conn_poll_get_conn), (6 bytes).
    Removing lwesp_evt.o(i.lwesp_evt_conn_recv_get_buff), (6 bytes).
    Removing lwesp_evt.o(i.lwesp_evt_conn_recv_get_conn), (6 bytes).
    Removing lwesp_evt.o(i.lwesp_evt_conn_send_get_conn), (6 bytes).
    Removing lwesp_evt.o(i.lwesp_evt_conn_send_get_length), (6 bytes).
    Removing lwesp_evt.o(i.lwesp_evt_conn_send_get_result), (6 bytes).
    Removing lwesp_evt.o(i.lwesp_evt_get_type), (6 bytes).
    Removing lwesp_evt.o(i.lwesp_evt_register), (120 bytes).
    Removing lwesp_evt.o(i.lwesp_evt_reset_detected_is_forced), (14 bytes).
    Removing lwesp_evt.o(i.lwesp_evt_reset_get_result), (6 bytes).
    Removing lwesp_evt.o(i.lwesp_evt_restore_get_result), (6 bytes).
    Removing lwesp_evt.o(i.lwesp_evt_server_get_port), (6 bytes).
    Removing lwesp_evt.o(i.lwesp_evt_server_get_result), (6 bytes).
    Removing lwesp_evt.o(i.lwesp_evt_server_is_enable), (6 bytes).
    Removing lwesp_evt.o(i.lwesp_evt_sta_info_ap_get_channel), (8 bytes).
    Removing lwesp_evt.o(i.lwesp_evt_sta_info_ap_get_mac), (12 bytes).
    Removing lwesp_evt.o(i.lwesp_evt_sta_info_ap_get_result), (6 bytes).
    Removing lwesp_evt.o(i.lwesp_evt_sta_info_ap_get_rssi), (10 bytes).
    Removing lwesp_evt.o(i.lwesp_evt_sta_info_ap_get_ssid), (6 bytes).
    Removing lwesp_evt.o(i.lwesp_evt_sta_join_ap_get_result), (6 bytes).
    Removing lwesp_evt.o(i.lwesp_evt_sta_list_ap_get_aps), (6 bytes).
    Removing lwesp_evt.o(i.lwesp_evt_sta_list_ap_get_length), (6 bytes).
    Removing lwesp_evt.o(i.lwesp_evt_sta_list_ap_get_result), (6 bytes).
    Removing lwesp_evt.o(i.lwesp_evt_unregister), (80 bytes).
    Removing lwesp_hostname.o(.rev16_text), (4 bytes).
    Removing lwesp_hostname.o(.revsh_text), (4 bytes).
    Removing lwesp_hostname.o(.rrx_text), (6 bytes).
    Removing lwesp_input.o(.rev16_text), (4 bytes).
    Removing lwesp_input.o(.revsh_text), (4 bytes).
    Removing lwesp_input.o(.rrx_text), (6 bytes).
    Removing lwesp_input.o(i.lwesp_input), (88 bytes).
    Removing lwesp_input.o(.data), (8 bytes).
    Removing lwesp_int.o(.rev16_text), (4 bytes).
    Removing lwesp_int.o(.revsh_text), (4 bytes).
    Removing lwesp_int.o(.rrx_text), (6 bytes).
    Removing lwesp_int.o(i.lwesp_ip_is_valid), (26 bytes).
    Removing lwesp_int.o(i.lwespi_get_cipstatus_or_cipstate_cmd), (24 bytes).
    Removing lwesp_int.o(i.lwespi_get_device_desc_for_device), (40 bytes).
    Removing lwesp_int.o(i.lwespi_get_reset_sub_cmd), (236 bytes).
    Removing lwesp_int.o(i.lwespi_initiate_cmd), (5156 bytes).
    Removing lwesp_int.o(i.lwespi_is_valid_conn_ptr), (44 bytes).
    Removing lwesp_int.o(i.lwespi_parse_received), (3976 bytes).
    Removing lwesp_int.o(i.lwespi_process), (1668 bytes).
    Removing lwesp_int.o(i.lwespi_process_buffer), (52 bytes).
    Removing lwesp_int.o(i.lwespi_process_events_for_timeout_or_error), (236 bytes).
    Removing lwesp_int.o(i.lwespi_process_sub_cmd), (1552 bytes).
    Removing lwesp_int.o(i.lwespi_reset_everything), (144 bytes).
    Removing lwesp_int.o(i.lwespi_send_cb), (36 bytes).
    Removing lwesp_int.o(i.lwespi_send_conn_cb), (48 bytes).
    Removing lwesp_int.o(i.lwespi_send_conn_error_cb), (76 bytes).
    Removing lwesp_int.o(i.lwespi_send_ip), (148 bytes).
    Removing lwesp_int.o(i.lwespi_send_mac), (140 bytes).
    Removing lwesp_int.o(i.lwespi_send_msg_to_producer_mbox), (328 bytes).
    Removing lwesp_int.o(i.lwespi_send_number), (100 bytes).
    Removing lwesp_int.o(i.lwespi_send_port), (104 bytes).
    Removing lwesp_int.o(i.lwespi_send_signed_number), (96 bytes).
    Removing lwesp_int.o(i.lwespi_send_string), (152 bytes).
    Removing lwesp_int.o(i.lwespi_tcpip_process_data_sent), (180 bytes).
    Removing lwesp_int.o(i.lwespi_tcpip_process_send_data), (316 bytes).
    Removing lwesp_int.o(i.reset_connections), (184 bytes).
    Removing lwesp_int.o(.bss), (132 bytes).
    Removing lwesp_int.o(.constdata), (16 bytes).
    Removing lwesp_int.o(.conststring), (12 bytes).
    Removing lwesp_int.o(.data), (10 bytes).
    Removing lwesp_mdns.o(.rev16_text), (4 bytes).
    Removing lwesp_mdns.o(.revsh_text), (4 bytes).
    Removing lwesp_mdns.o(.rrx_text), (6 bytes).
    Removing lwesp_mem.o(.rev16_text), (4 bytes).
    Removing lwesp_mem.o(.revsh_text), (4 bytes).
    Removing lwesp_mem.o(.rrx_text), (6 bytes).
    Removing lwesp_mem.o(i.lwesp_mem_assignmemory), (20 bytes).
    Removing lwesp_mem.o(i.lwesp_mem_calloc), (28 bytes).
    Removing lwesp_mem.o(i.lwesp_mem_free), (26 bytes).
    Removing lwesp_mem.o(i.lwesp_mem_free_s), (24 bytes).
    Removing lwesp_mem.o(i.lwesp_mem_malloc), (26 bytes).
    Removing lwesp_mem.o(i.lwesp_mem_realloc), (28 bytes).
    Removing lwesp_mem.o(i.mem_alloc), (160 bytes).
    Removing lwesp_mem.o(i.mem_assignmem), (188 bytes).
    Removing lwesp_mem.o(i.mem_calloc), (36 bytes).
    Removing lwesp_mem.o(i.mem_free), (60 bytes).
    Removing lwesp_mem.o(i.mem_insertfreeblock), (112 bytes).
    Removing lwesp_mem.o(i.mem_realloc), (74 bytes).
    Removing lwesp_mem.o(.data), (16 bytes).
    Removing lwesp_parser.o(.rev16_text), (4 bytes).
    Removing lwesp_parser.o(.revsh_text), (4 bytes).
    Removing lwesp_parser.o(.rrx_text), (6 bytes).
    Removing lwesp_parser.o(i.lwespi_parse_ap_conn_disconn_sta), (44 bytes).
    Removing lwesp_parser.o(i.lwespi_parse_ap_ip_sta), (48 bytes).
    Removing lwesp_parser.o(i.lwespi_parse_at_sdk_version), (58 bytes).
    Removing lwesp_parser.o(i.lwespi_parse_ciprecvlen), (68 bytes).
    Removing lwesp_parser.o(i.lwespi_parse_cipstatus_cipstate), (228 bytes).
    Removing lwesp_parser.o(i.lwespi_parse_cwdhcp), (80 bytes).
    Removing lwesp_parser.o(i.lwespi_parse_cwjap), (120 bytes).
    Removing lwesp_parser.o(i.lwespi_parse_cwlap), (292 bytes).
    Removing lwesp_parser.o(i.lwespi_parse_cwlif), (116 bytes).
    Removing lwesp_parser.o(i.lwespi_parse_cwsap), (160 bytes).
    Removing lwesp_parser.o(i.lwespi_parse_hexnumber), (142 bytes).
    Removing lwesp_parser.o(i.lwespi_parse_ip), (86 bytes).
    Removing lwesp_parser.o(i.lwespi_parse_ipd), (200 bytes).
    Removing lwesp_parser.o(i.lwespi_parse_link_conn), (224 bytes).
    Removing lwesp_parser.o(i.lwespi_parse_mac), (138 bytes).
    Removing lwesp_parser.o(i.lwespi_parse_number), (92 bytes).
    Removing lwesp_parser.o(i.lwespi_parse_port), (16 bytes).
    Removing lwesp_parser.o(i.lwespi_parse_string), (116 bytes).
    Removing lwesp_pbuf.o(.rev16_text), (4 bytes).
    Removing lwesp_pbuf.o(.revsh_text), (4 bytes).
    Removing lwesp_pbuf.o(.rrx_text), (6 bytes).
    Removing lwesp_pbuf.o(i.lwesp_pbuf_advance), (66 bytes).
    Removing lwesp_pbuf.o(i.lwesp_pbuf_cat), (54 bytes).
    Removing lwesp_pbuf.o(i.lwesp_pbuf_cat_s), (50 bytes).
    Removing lwesp_pbuf.o(i.lwesp_pbuf_chain), (54 bytes).
    Removing lwesp_pbuf.o(i.lwesp_pbuf_copy), (120 bytes).
    Removing lwesp_pbuf.o(i.lwesp_pbuf_data), (12 bytes).
    Removing lwesp_pbuf.o(i.lwesp_pbuf_dump), (18 bytes).
    Removing lwesp_pbuf.o(i.lwesp_pbuf_free), (70 bytes).
    Removing lwesp_pbuf.o(i.lwesp_pbuf_free_s), (36 bytes).
    Removing lwesp_pbuf.o(i.lwesp_pbuf_get_at), (38 bytes).
    Removing lwesp_pbuf.o(i.lwesp_pbuf_get_linear_addr), (86 bytes).
    Removing lwesp_pbuf.o(i.lwesp_pbuf_length), (18 bytes).
    Removing lwesp_pbuf.o(i.lwesp_pbuf_memcmp), (106 bytes).
    Removing lwesp_pbuf.o(i.lwesp_pbuf_memfind), (68 bytes).
    Removing lwesp_pbuf.o(i.lwesp_pbuf_new), (38 bytes).
    Removing lwesp_pbuf.o(i.lwesp_pbuf_ref), (22 bytes).
    Removing lwesp_pbuf.o(i.lwesp_pbuf_set_ip), (16 bytes).
    Removing lwesp_pbuf.o(i.lwesp_pbuf_set_length), (36 bytes).
    Removing lwesp_pbuf.o(i.lwesp_pbuf_skip), (20 bytes).
    Removing lwesp_pbuf.o(i.lwesp_pbuf_strcmp), (34 bytes).
    Removing lwesp_pbuf.o(i.lwesp_pbuf_strfind), (34 bytes).
    Removing lwesp_pbuf.o(i.lwesp_pbuf_take), (182 bytes).
    Removing lwesp_pbuf.o(i.lwesp_pbuf_unchain), (22 bytes).
    Removing lwesp_pbuf.o(i.pbuf_skip), (52 bytes).
    Removing lwesp_ping.o(.rev16_text), (4 bytes).
    Removing lwesp_ping.o(.revsh_text), (4 bytes).
    Removing lwesp_ping.o(.rrx_text), (6 bytes).
    Removing lwesp_sntp.o(.rev16_text), (4 bytes).
    Removing lwesp_sntp.o(.revsh_text), (4 bytes).
    Removing lwesp_sntp.o(.rrx_text), (6 bytes).
    Removing lwesp_sta.o(.rev16_text), (4 bytes).
    Removing lwesp_sta.o(.revsh_text), (4 bytes).
    Removing lwesp_sta.o(.rrx_text), (6 bytes).
    Removing lwesp_sta.o(i.lwesp_sta_autojoin), (88 bytes).
    Removing lwesp_sta.o(i.lwesp_sta_copy_ip), (112 bytes).
    Removing lwesp_sta.o(i.lwesp_sta_get_ap_info), (108 bytes).
    Removing lwesp_sta.o(i.lwesp_sta_getip), (104 bytes).
    Removing lwesp_sta.o(i.lwesp_sta_getmac), (88 bytes).
    Removing lwesp_sta.o(i.lwesp_sta_has_ip), (28 bytes).
    Removing lwesp_sta.o(i.lwesp_sta_is_ap_802_11b), (10 bytes).
    Removing lwesp_sta.o(i.lwesp_sta_is_ap_802_11g), (10 bytes).
    Removing lwesp_sta.o(i.lwesp_sta_is_ap_802_11n), (10 bytes).
    Removing lwesp_sta.o(i.lwesp_sta_is_joined), (8 bytes).
    Removing lwesp_sta.o(i.lwesp_sta_join), (108 bytes).
    Removing lwesp_sta.o(i.lwesp_sta_list_ap), (112 bytes).
    Removing lwesp_sta.o(i.lwesp_sta_quit), (80 bytes).
    Removing lwesp_sta.o(i.lwesp_sta_reconnect_set_config), (124 bytes).
    Removing lwesp_sta.o(i.lwesp_sta_setip), (136 bytes).
    Removing lwesp_sta.o(i.lwesp_sta_setmac), (104 bytes).
    Removing lwesp_threads.o(.rev16_text), (4 bytes).
    Removing lwesp_threads.o(.revsh_text), (4 bytes).
    Removing lwesp_threads.o(.rrx_text), (6 bytes).
    Removing lwesp_threads.o(i.lwesp_thread_process), (72 bytes).
    Removing lwesp_threads.o(i.lwesp_thread_produce), (288 bytes).
    Removing lwesp_timeout.o(.rev16_text), (4 bytes).
    Removing lwesp_timeout.o(.revsh_text), (4 bytes).
    Removing lwesp_timeout.o(.rrx_text), (6 bytes).
    Removing lwesp_timeout.o(i.get_next_timeout_diff), (56 bytes).
    Removing lwesp_timeout.o(i.lwesp_timeout_add), (232 bytes).
    Removing lwesp_timeout.o(i.lwesp_timeout_remove), (116 bytes).
    Removing lwesp_timeout.o(i.lwespi_get_from_mbox_with_timeout_checks), (80 bytes).
    Removing lwesp_timeout.o(i.process_next_timeout), (60 bytes).
    Removing lwesp_timeout.o(.data), (8 bytes).
    Removing lwesp_unicode.o(.rev16_text), (4 bytes).
    Removing lwesp_unicode.o(.revsh_text), (4 bytes).
    Removing lwesp_unicode.o(.rrx_text), (6 bytes).
    Removing lwesp_unicode.o(i.lwespi_unicode_decode), (122 bytes).
    Removing lwesp_utils.o(.rev16_text), (4 bytes).
    Removing lwesp_utils.o(.revsh_text), (4 bytes).
    Removing lwesp_utils.o(.rrx_text), (6 bytes).
    Removing lwesp_utils.o(i.lwesp_i32_to_gen_str), (46 bytes).
    Removing lwesp_utils.o(i.lwesp_u32_to_gen_str), (190 bytes).
    Removing lwesp_wps.o(.rev16_text), (4 bytes).
    Removing lwesp_wps.o(.revsh_text), (4 bytes).
    Removing lwesp_wps.o(.rrx_text), (6 bytes).
    Removing lwesp_ll_m480.o(.rev16_text), (4 bytes).
    Removing lwesp_ll_m480.o(.revsh_text), (4 bytes).
    Removing lwesp_ll_m480.o(.rrx_text), (6 bytes).
    Removing lwesp_ll_m480.o(i.lwesp_ll_deinit), (16 bytes).
    Removing lwesp_ll_m480.o(i.lwesp_ll_hardreset), (32 bytes).
    Removing lwesp_ll_m480.o(i.lwesp_ll_init), (72 bytes).
    Removing lwesp_ll_m480.o(i.send_data), (6 bytes).
    Removing lwesp_ll_m480.o(.bss), (65536 bytes).
    Removing lwesp_ll_m480.o(.constdata), (8 bytes).
    Removing lwesp_ll_m480.o(.data), (1 bytes).
    Removing lwesp_sys_freertos.o(.rev16_text), (4 bytes).
    Removing lwesp_sys_freertos.o(.revsh_text), (4 bytes).
    Removing lwesp_sys_freertos.o(.rrx_text), (6 bytes).
    Removing lwesp_sys_freertos.o(i.lwesp_sys_init), (32 bytes).
    Removing lwesp_sys_freertos.o(i.lwesp_sys_mbox_create), (30 bytes).
    Removing lwesp_sys_freertos.o(i.lwesp_sys_mbox_delete), (26 bytes).
    Removing lwesp_sys_freertos.o(i.lwesp_sys_mbox_get), (72 bytes).
    Removing lwesp_sys_freertos.o(i.lwesp_sys_mbox_getnow), (30 bytes).
    Removing lwesp_sys_freertos.o(i.lwesp_sys_mbox_invalid), (10 bytes).
    Removing lwesp_sys_freertos.o(i.lwesp_sys_mbox_isvalid), (16 bytes).
    Removing lwesp_sys_freertos.o(i.lwesp_sys_mbox_put), (34 bytes).
    Removing lwesp_sys_freertos.o(i.lwesp_sys_mbox_putnow), (30 bytes).
    Removing lwesp_sys_freertos.o(i.lwesp_sys_mutex_create), (24 bytes).
    Removing lwesp_sys_freertos.o(i.lwesp_sys_mutex_delete), (14 bytes).
    Removing lwesp_sys_freertos.o(i.lwesp_sys_mutex_invalid), (10 bytes).
    Removing lwesp_sys_freertos.o(i.lwesp_sys_mutex_isvalid), (16 bytes).
    Removing lwesp_sys_freertos.o(i.lwesp_sys_mutex_lock), (24 bytes).
    Removing lwesp_sys_freertos.o(i.lwesp_sys_mutex_unlock), (20 bytes).
    Removing lwesp_sys_freertos.o(i.lwesp_sys_now), (8 bytes).
    Removing lwesp_sys_freertos.o(i.lwesp_sys_protect), (16 bytes).
    Removing lwesp_sys_freertos.o(i.lwesp_sys_sem_create), (48 bytes).
    Removing lwesp_sys_freertos.o(i.lwesp_sys_sem_delete), (14 bytes).
    Removing lwesp_sys_freertos.o(i.lwesp_sys_sem_invalid), (10 bytes).
    Removing lwesp_sys_freertos.o(i.lwesp_sys_sem_isvalid), (16 bytes).
    Removing lwesp_sys_freertos.o(i.lwesp_sys_sem_release), (26 bytes).
    Removing lwesp_sys_freertos.o(i.lwesp_sys_sem_wait), (66 bytes).
    Removing lwesp_sys_freertos.o(i.lwesp_sys_thread_create), (46 bytes).
    Removing lwesp_sys_freertos.o(i.lwesp_sys_thread_terminate), (14 bytes).
    Removing lwesp_sys_freertos.o(i.lwesp_sys_thread_yield), (24 bytes).
    Removing lwesp_sys_freertos.o(i.lwesp_sys_unprotect), (16 bytes).
    Removing lwesp_sys_freertos.o(.data), (4 bytes).
    Removing cli.o(.rev16_text), (4 bytes).
    Removing cli.o(.revsh_text), (4 bytes).
    Removing cli.o(.rrx_text), (6 bytes).
    Removing cli.o(i.cli_help), (136 bytes).
    Removing cli.o(i.cli_init), (16 bytes).
    Removing cli.o(i.cli_list), (196 bytes).
    Removing cli.o(i.cli_lookup_command), (88 bytes).
    Removing cli.o(i.cli_register_commands), (116 bytes).
    Removing cli.o(i.cli_tab_auto_complete), (260 bytes).
    Removing cli.o(.bss), (128 bytes).
    Removing cli.o(.constdata), (24 bytes).
    Removing cli.o(.conststring), (77 bytes).
    Removing cli.o(.data), (4 bytes).
    Removing lwesp_mqtt_client.o(.rev16_text), (4 bytes).
    Removing lwesp_mqtt_client.o(.revsh_text), (4 bytes).
    Removing lwesp_mqtt_client.o(.rrx_text), (6 bytes).
    Removing lwesp_mqtt_client.o(i.lwesp_mqtt_client_connect), (152 bytes).
    Removing lwesp_mqtt_client.o(i.lwesp_mqtt_client_delete), (30 bytes).
    Removing lwesp_mqtt_client.o(i.lwesp_mqtt_client_disconnect), (36 bytes).
    Removing lwesp_mqtt_client.o(i.lwesp_mqtt_client_get_arg), (14 bytes).
    Removing lwesp_mqtt_client.o(i.lwesp_mqtt_client_is_connected), (34 bytes).
    Removing lwesp_mqtt_client.o(i.lwesp_mqtt_client_new), (84 bytes).
    Removing lwesp_mqtt_client.o(i.lwesp_mqtt_client_publish), (256 bytes).
    Removing lwesp_mqtt_client.o(i.lwesp_mqtt_client_set_arg), (22 bytes).
    Removing lwesp_mqtt_client.o(i.lwesp_mqtt_client_subscribe), (38 bytes).
    Removing lwesp_mqtt_client.o(i.lwesp_mqtt_client_unsubscribe), (36 bytes).
    Removing lwesp_mqtt_client.o(i.prv_create_packet_id), (28 bytes).
    Removing lwesp_mqtt_client.o(i.prv_mqtt_close), (36 bytes).
    Removing lwesp_mqtt_client.o(i.prv_mqtt_closed_cb), (130 bytes).
    Removing lwesp_mqtt_client.o(i.prv_mqtt_conn_cb), (222 bytes).
    Removing lwesp_mqtt_client.o(i.prv_mqtt_connected_cb), (356 bytes).
    Removing lwesp_mqtt_client.o(i.prv_mqtt_data_recv_cb), (26 bytes).
    Removing lwesp_mqtt_client.o(i.prv_mqtt_data_sent_cb), (118 bytes).
    Removing lwesp_mqtt_client.o(i.prv_mqtt_evt_fn_default), (2 bytes).
    Removing lwesp_mqtt_client.o(i.prv_mqtt_parse_incoming), (300 bytes).
    Removing lwesp_mqtt_client.o(i.prv_mqtt_poll_cb), (108 bytes).
    Removing lwesp_mqtt_client.o(i.prv_mqtt_process_incoming_message), (464 bytes).
    Removing lwesp_mqtt_client.o(i.prv_output_check_enough_memory), (44 bytes).
    Removing lwesp_mqtt_client.o(i.prv_request_create), (60 bytes).
    Removing lwesp_mqtt_client.o(i.prv_request_delete), (6 bytes).
    Removing lwesp_mqtt_client.o(i.prv_request_get_pending), (66 bytes).
    Removing lwesp_mqtt_client.o(i.prv_request_send_err_callback), (68 bytes).
    Removing lwesp_mqtt_client.o(i.prv_request_set_pending), (22 bytes).
    Removing lwesp_mqtt_client.o(i.prv_send_data), (80 bytes).
    Removing lwesp_mqtt_client.o(i.prv_sub_unsub), (218 bytes).
    Removing lwesp_mqtt_client.o(i.prv_write_ack_rec_rel_resp), (66 bytes).
    Removing lwesp_mqtt_client.o(i.prv_write_data), (22 bytes).
    Removing lwesp_mqtt_client.o(i.prv_write_fixed_header), (158 bytes).
    Removing lwesp_mqtt_client.o(i.prv_write_string), (30 bytes).
    Removing lwesp_mqtt_client.o(i.prv_write_u16), (24 bytes).
    Removing lwesp_mqtt_client.o(i.prv_write_u8), (18 bytes).
    Removing lwesp_mqtt_client_api.o(.rev16_text), (4 bytes).
    Removing lwesp_mqtt_client_api.o(.revsh_text), (4 bytes).
    Removing lwesp_mqtt_client_api.o(.rrx_text), (6 bytes).
    Removing lwesp_mqtt_client_api.o(i.lwesp_mqtt_client_api_buf_free), (10 bytes).
    Removing lwesp_mqtt_client_api.o(i.lwesp_mqtt_client_api_close), (82 bytes).
    Removing lwesp_mqtt_client_api.o(i.lwesp_mqtt_client_api_connect), (108 bytes).
    Removing lwesp_mqtt_client_api.o(i.lwesp_mqtt_client_api_delete), (156 bytes).
    Removing lwesp_mqtt_client_api.o(i.lwesp_mqtt_client_api_is_connected), (38 bytes).
    Removing lwesp_mqtt_client_api.o(i.lwesp_mqtt_client_api_new), (86 bytes).
    Removing lwesp_mqtt_client_api.o(i.lwesp_mqtt_client_api_publish), (144 bytes).
    Removing lwesp_mqtt_client_api.o(i.lwesp_mqtt_client_api_receive), (92 bytes).
    Removing lwesp_mqtt_client_api.o(i.lwesp_mqtt_client_api_subscribe), (106 bytes).
    Removing lwesp_mqtt_client_api.o(i.lwesp_mqtt_client_api_unsubscribe), (98 bytes).
    Removing lwesp_mqtt_client_api.o(i.prv_mqtt_evt), (280 bytes).
    Removing lwesp_mqtt_client_api.o(i.prv_release_sem), (22 bytes).
    Removing lwesp_mqtt_client_api.o(.bss), (24 bytes).
    Removing lwesp_mqtt_client_api.o(.data), (1 bytes).
    Removing lwesp_mqtt_client_evt.o(.rev16_text), (4 bytes).
    Removing lwesp_mqtt_client_evt.o(.revsh_text), (4 bytes).
    Removing lwesp_mqtt_client_evt.o(.rrx_text), (6 bytes).
    Removing lwesp_http_server.o(.rev16_text), (4 bytes).
    Removing lwesp_http_server.o(.revsh_text), (4 bytes).
    Removing lwesp_http_server.o(.rrx_text), (6 bytes).
    Removing lwesp_http_server.o(i.http_evt), (956 bytes).
    Removing lwesp_http_server.o(i.http_get_file_from_uri), (392 bytes).
    Removing lwesp_http_server.o(i.http_get_params), (112 bytes).
    Removing lwesp_http_server.o(i.http_parse_uri), (124 bytes).
    Removing lwesp_http_server.o(i.http_post_send_to_user), (64 bytes).
    Removing lwesp_http_server.o(i.lwesp_http_server_init), (52 bytes).
    Removing lwesp_http_server.o(i.lwesp_http_server_write), (36 bytes).
    Removing lwesp_http_server.o(i.prepare_dynamic_headers), (284 bytes).
    Removing lwesp_http_server.o(i.read_rlwesp_file), (204 bytes).
    Removing lwesp_http_server.o(i.send_dynamic_headers), (162 bytes).
    Removing lwesp_http_server.o(i.send_response), (144 bytes).
    Removing lwesp_http_server.o(i.send_response_no_ssi), (110 bytes).
    Removing lwesp_http_server.o(i.send_response_ssi), (712 bytes).
    Removing lwesp_http_server.o(i.strcmpa), (44 bytes).
    Removing lwesp_http_server.o(.bss), (388 bytes).
    Removing lwesp_http_server.o(.constdata), (236 bytes).
    Removing lwesp_http_server.o(.conststring), (596 bytes).
    Removing lwesp_http_server.o(.data), (56 bytes).
    Removing lwesp_http_server_fs.o(.rev16_text), (4 bytes).
    Removing lwesp_http_server_fs.o(.revsh_text), (4 bytes).
    Removing lwesp_http_server_fs.o(.rrx_text), (6 bytes).
    Removing lwesp_http_server_fs.o(i.http_fs_data_close_file), (40 bytes).
    Removing lwesp_http_server_fs.o(i.http_fs_data_open_file), (144 bytes).
    Removing lwesp_http_server_fs.o(i.http_fs_data_read_file), (126 bytes).
    Removing lwesp_http_server_fs.o(.constdata), (1740 bytes).
    Removing lwesp_http_server_fs.o(.conststring), (66 bytes).
    Removing retarget.o(.rev16_text), (4 bytes).
    Removing retarget.o(.revsh_text), (4 bytes).
    Removing retarget.o(.rrx_text), (6 bytes).
    Removing retarget.o(i.GetChar), (28 bytes).
    Removing retarget.o(i.IsDebugFifoEmpty), (16 bytes).
    Removing retarget.o(i._ttywrch), (12 bytes).
    Removing retarget.o(i.ferror), (8 bytes).
    Removing retarget.o(i.fgetc), (10 bytes).
    Removing retarget.o(i.kbhit), (16 bytes).
    Removing startup_m480.o(HEAP), (256 bytes).
    Removing system_m480.o(.rev16_text), (4 bytes).
    Removing system_m480.o(.revsh_text), (4 bytes).
    Removing system_m480.o(.rrx_text), (6 bytes).
    Removing dadd.o(.text), (334 bytes).
    Removing dmul.o(.text), (228 bytes).
    Removing ddiv.o(.text), (222 bytes).
    Removing dfixul.o(.text), (48 bytes).
    Removing cdrcmple.o(.text), (48 bytes).
    Removing depilogue.o(.text), (186 bytes).

646 unused section(s) (total 120886 bytes) removed from the image.
