<html>
<body>
<pre>
<h1>µVision Build Log</h1>
<h2>Tool Versions:</h2>
IDE-Version: µVision V5.38.0.0
Copyright (C) 2022 ARM Ltd and ARM Germany GmbH. All rights reserved.
License Information: Ýbp Halil, ibo, LIC=D0D7S-LYMR1-45JT5-GE587-JICF5-LW5TI
 
Tool Versions:
Toolchain:       MDK-ARM Plus  Version: 5.36.0.0
Toolchain Path:  C:\Keil_v5\ARM\ARMCC\Bin
C Compiler:      Armcc.exe V5.06 update 7 (build 960)
Assembler:       Armasm.exe V5.06 update 7 (build 960)
Linker/Locator:  ArmLink.exe V5.06 update 7 (build 960)
Library Manager: ArmAr.exe V5.06 update 7 (build 960)
Hex Converter:   FromElf.exe V5.06 update 7 (build 960)
CPU DLL:         SARMCM3.DLL V5.36.0.0
Dialog DLL:      DCM.DLL V1.17.3.0
Target DLL:      NULink\Nu_Link.dll V3.06
Dialog DLL:      TCM.DLL V1.53.0.0
 
<h2>Project:</h2>
C:\Users\turga\OneDrive\Belgeler\RealSolutionsWorkspace\ESP-AT-Library-M480\ESP-AT-FreeRTOS-Library-M487\ESP-AT-FreeRTOS-Library-M487.uvprojx
Project File Date:  11/14/2023

<h2>Output:</h2>
*** Using Compiler 'V5.06 update 7 (build 960)', folder: 'C:\Keil_v5\ARM\ARMCC\Bin'
Rebuild target 'M487JIDAE'
compiling gpio.c...
compiling uart.c...
compiling list.c...
compiling sys.c...
compiling pdma.c...
compiling clk.c...
compiling tasks.c...
compiling timers.c...
compiling port.c...
compiling queue.c...
compiling main.c...
compiling heap_2.c...
compiling lwesp_cli.c...
compiling lwesp_dhcp.c...
compiling lwesp_dns.c...
compiling lwesp_debug.c...
compiling lwesp_buff.c...
compiling lwesp_netconn.c...
compiling lwesp_evt.c...
compiling lwesp.c...
compiling lwesp_conn.c...
compiling lwesp_ap.c...
compiling lwesp_input.c...
compiling lwesp_hostname.c...
compiling lwesp_threads.c...
compiling lwesp_ping.c...
compiling lwesp_mdns.c...
compiling lwesp_mem.c...
compiling lwesp_sntp.c...
compiling lwesp_pbuf.c...
compiling lwesp_sta.c...
compiling lwesp_parser.c...
compiling lwesp_int.c...
compiling retarget.c...
compiling lwesp_utils.c...
assembling startup_M480.s...
compiling lwesp_sys_freertos.c...
compiling cli.c...
compiling lwesp_wps.c...
compiling lwesp_timeout.c...
compiling lwesp_mqtt_client_evt.c...
compiling lwesp_mqtt_client.c...
compiling lwesp_unicode.c...
compiling lwesp_mqtt_client_api.c...
compiling lwesp_ll_m480.c...
compiling system_M480.c...
linking...
Program Size: Code=38552 RO-data=640 RW-data=332 ZI-data=98892  
".\Objects\ESP-AT-FreeRTOS-Library-M487.axf" - 0 Error(s), 0 Warning(s).

<h2>Software Packages used:</h2>

Package Vendor: ARM
                http://www.keil.com/pack/ARM.CMSIS.5.9.0.pack
                ARM.CMSIS.5.9.0
                CMSIS (Common Microcontroller Software Interface Standard)
   * Component: CORE Version: 5.6.0

Package Vendor: Nuvoton
                https://github.com/OpenNuvoton/cmsis-packs/raw/master/Nuvoton_DFP/Nuvoton.NuMicro_DFP.1.3.18.pack
                Nuvoton.NuMicro_DFP.1.3.18
                Nuvoton ARM Cortex-M NuMicro Family Device Support
   * Component: Startup Version: 0.00.001

<h2>Collection of Component include folders:</h2>
  ./RTE/_M487JIDAE
  C:/Users/turga/AppData/Local/Arm/Packs/ARM/CMSIS/5.9.0/CMSIS/Core/Include
  C:/Users/turga/AppData/Local/Arm/Packs/Nuvoton/NuMicro_DFP/1.3.18/Device/M480/Include
  C:/Users/turga/AppData/Local/Arm/Packs/Nuvoton/NuMicro_DFP/1.3.18/Device/M480/StdDriver/inc

<h2>Collection of Component Files used:</h2>

   * Component: ARM::CMSIS:CORE:5.6.0

   * Component: Nuvoton::Device:Startup:0.00.001
      Source file:   Device/M480/Source/ARM/startup_M480.s
      Source file:   Device/M480/StdDriver/src/retarget.c
      Source file:   Device/M480/Source/system_M480.c
      Include file:  Device/M480/Include/M480.h
Build Time Elapsed:  00:00:31
</pre>
</body>
</html>
